Archive member included because of file (symbol)

C:/NXP/S32DS_ARM_v2018.R1/S32DS/arm_ewl2/lib/armv7e-m\libc99.a(exit.o)
                              C:/NXP/S32DS_ARM_v2018.R1/S32DS/arm_ewl2/lib/armv7e-m/__arm_start.o (exit)
C:/NXP/S32DS_ARM_v2018.R1/S32DS/arm_ewl2/lib/armv7e-m\libc99.a(memset.o)
                              C:/NXP/S32DS_ARM_v2018.R1/S32DS/arm_ewl2/lib/armv7e-m/__arm_start.o (memset)
C:/NXP/S32DS_ARM_v2018.R1/S32DS/arm_ewl2/lib/armv7e-m\libc99.a(__filll_mem.o)
                              C:/NXP/S32DS_ARM_v2018.R1/S32DS/arm_ewl2/lib/armv7e-m\libc99.a(memset.o) (__fill_mem)
C:/NXP/S32DS_ARM_v2018.R1/S32DS/arm_ewl2/lib/armv7e-m\librt.a(gcc_ctor_dtor.o)
                              C:/NXP/S32DS_ARM_v2018.R1/S32DS/arm_ewl2/lib/armv7e-m/__arm_start.o (__init_cpp)
C:/NXP/S32DS_ARM_v2018.R1/S32DS/arm_ewl2/lib/armv7e-m\librt.a(__arm_eabi_init.o)
                              C:/NXP/S32DS_ARM_v2018.R1/S32DS/arm_ewl2/lib/armv7e-m\libc99.a(exit.o) (__destroy_global_chain)
C:/NXP/S32DS_ARM_v2018.R1/S32DS/arm_ewl2/lib/armv7e-m\librt.a(ROMCopy.o)
                              C:/NXP/S32DS_ARM_v2018.R1/S32DS/arm_ewl2/lib/armv7e-m/__arm_start.o (__copy_rom_sections_to_ram)

Allocating common symbols
Common symbol       size              file

LPSPI1_16bits_read  0x2               ./src/WindowLifter.o

Discarded input sections

 .text          0x00000000        0x0 C:/NXP/S32DS_ARM_v2018.R1/S32DS/arm_ewl2/lib/armv7e-m/__arm_start.o
 .data          0x00000000        0x0 C:/NXP/S32DS_ARM_v2018.R1/S32DS/arm_ewl2/lib/armv7e-m/__arm_start.o
 .bss           0x00000000        0x0 C:/NXP/S32DS_ARM_v2018.R1/S32DS/arm_ewl2/lib/armv7e-m/__arm_start.o
 .text.__thumb_startup
                0x00000000       0x3c C:/NXP/S32DS_ARM_v2018.R1/S32DS/arm_ewl2/lib/armv7e-m/__arm_start.o
 .text.__iar_program_start
                0x00000000        0x4 C:/NXP/S32DS_ARM_v2018.R1/S32DS/arm_ewl2/lib/armv7e-m/__arm_start.o
 .bss.argv      0x00000000        0x4 C:/NXP/S32DS_ARM_v2018.R1/S32DS/arm_ewl2/lib/armv7e-m/__arm_start.o
 .debug_info    0x00000000      0x144 C:/NXP/S32DS_ARM_v2018.R1/S32DS/arm_ewl2/lib/armv7e-m/__arm_start.o
 .debug_abbrev  0x00000000       0xc0 C:/NXP/S32DS_ARM_v2018.R1/S32DS/arm_ewl2/lib/armv7e-m/__arm_start.o
 .debug_aranges
                0x00000000       0x28 C:/NXP/S32DS_ARM_v2018.R1/S32DS/arm_ewl2/lib/armv7e-m/__arm_start.o
 .debug_line    0x00000000       0x68 C:/NXP/S32DS_ARM_v2018.R1/S32DS/arm_ewl2/lib/armv7e-m/__arm_start.o
 .debug_str     0x00000000      0x270 C:/NXP/S32DS_ARM_v2018.R1/S32DS/arm_ewl2/lib/armv7e-m/__arm_start.o
 .comment       0x00000000       0x71 C:/NXP/S32DS_ARM_v2018.R1/S32DS/arm_ewl2/lib/armv7e-m/__arm_start.o
 .debug_frame   0x00000000       0x30 C:/NXP/S32DS_ARM_v2018.R1/S32DS/arm_ewl2/lib/armv7e-m/__arm_start.o
 .ARM.attributes
                0x00000000       0x33 C:/NXP/S32DS_ARM_v2018.R1/S32DS/arm_ewl2/lib/armv7e-m/__arm_start.o
 .group         0x00000000        0x8 ./src/main.o
 .group         0x00000000        0x8 ./src/main.o
 .group         0x00000000        0x8 ./src/main.o
 .group         0x00000000        0x8 ./src/main.o
 .group         0x00000000        0x8 ./src/main.o
 .group         0x00000000        0x8 ./src/main.o
 .group         0x00000000        0x8 ./src/main.o
 .group         0x00000000        0x8 ./src/main.o
 .group         0x00000000        0x8 ./src/main.o
 .group         0x00000000        0x8 ./src/main.o
 .group         0x00000000        0x8 ./src/main.o
 .group         0x00000000        0x8 ./src/main.o
 .group         0x00000000        0x8 ./src/main.o
 .group         0x00000000        0x8 ./src/main.o
 .group         0x00000000        0x8 ./src/main.o
 .text          0x00000000        0x0 ./src/main.o
 .data          0x00000000        0x0 ./src/main.o
 .bss           0x00000000        0x0 ./src/main.o
 .group         0x00000000        0x8 ./src/clocks.o
 .group         0x00000000        0x8 ./src/clocks.o
 .group         0x00000000        0x8 ./src/clocks.o
 .group         0x00000000        0x8 ./src/clocks.o
 .group         0x00000000        0x8 ./src/clocks.o
 .group         0x00000000        0x8 ./src/clocks.o
 .group         0x00000000        0x8 ./src/clocks.o
 .group         0x00000000        0x8 ./src/clocks.o
 .group         0x00000000        0x8 ./src/clocks.o
 .group         0x00000000        0x8 ./src/clocks.o
 .group         0x00000000        0x8 ./src/clocks.o
 .group         0x00000000        0x8 ./src/clocks.o
 .group         0x00000000        0x8 ./src/clocks.o
 .group         0x00000000        0x8 ./src/clocks.o
 .text          0x00000000        0x0 ./src/clocks.o
 .data          0x00000000        0x0 ./src/clocks.o
 .bss           0x00000000        0x0 ./src/clocks.o
 .debug_macro   0x00000000      0x868 ./src/clocks.o
 .debug_macro   0x00000000       0x52 ./src/clocks.o
 .debug_macro   0x00000000       0xa0 ./src/clocks.o
 .debug_macro   0x00000000       0x16 ./src/clocks.o
 .debug_macro   0x00000000       0x19 ./src/clocks.o
 .debug_macro   0x00000000       0x64 ./src/clocks.o
 .debug_macro   0x00000000      0x185 ./src/clocks.o
 .debug_macro   0x00000000      0x140 ./src/clocks.o
 .debug_macro   0x00000000       0x9d ./src/clocks.o
 .debug_macro   0x00000000       0x10 ./src/clocks.o
 .debug_macro   0x00000000      0x15b ./src/clocks.o
 .debug_macro   0x00000000       0x28 ./src/clocks.o
 .debug_macro   0x00000000       0x58 ./src/clocks.o
 .debug_macro   0x00000000     0xecad ./src/clocks.o
 .group         0x00000000        0x8 ./src/WindowLifter_State.o
 .group         0x00000000        0x8 ./src/WindowLifter_State.o
 .group         0x00000000        0x8 ./src/WindowLifter_State.o
 .group         0x00000000        0x8 ./src/WindowLifter_State.o
 .group         0x00000000        0x8 ./src/WindowLifter_State.o
 .text          0x00000000        0x0 ./src/WindowLifter_State.o
 .data          0x00000000        0x0 ./src/WindowLifter_State.o
 .bss           0x00000000        0x0 ./src/WindowLifter_State.o
 .text.ReadButtons
                0x00000000        0xc ./src/WindowLifter_State.o
 .debug_macro   0x00000000      0x868 ./src/WindowLifter_State.o
 .debug_macro   0x00000000       0x52 ./src/WindowLifter_State.o
 .debug_macro   0x00000000       0xa0 ./src/WindowLifter_State.o
 .debug_macro   0x00000000       0x16 ./src/WindowLifter_State.o
 .debug_macro   0x00000000       0x16 ./src/WindowLifter_State.o
 .group         0x00000000        0x8 ./src/WindowLifter.o
 .group         0x00000000        0x8 ./src/WindowLifter.o
 .group         0x00000000        0x8 ./src/WindowLifter.o
 .group         0x00000000        0x8 ./src/WindowLifter.o
 .text          0x00000000        0x0 ./src/WindowLifter.o
 .data          0x00000000        0x0 ./src/WindowLifter.o
 .bss           0x00000000        0x0 ./src/WindowLifter.o
 .debug_macro   0x00000000      0x868 ./src/WindowLifter.o
 .debug_macro   0x00000000       0x52 ./src/WindowLifter.o
 .debug_macro   0x00000000       0xa0 ./src/WindowLifter.o
 .debug_macro   0x00000000       0x16 ./src/WindowLifter.o
 .group         0x00000000        0x8 ./src/S_Configurations.o
 .group         0x00000000        0x8 ./src/S_Configurations.o
 .group         0x00000000        0x8 ./src/S_Configurations.o
 .group         0x00000000        0x8 ./src/S_Configurations.o
 .group         0x00000000        0x8 ./src/S_Configurations.o
 .text          0x00000000        0x0 ./src/S_Configurations.o
 .data          0x00000000        0x0 ./src/S_Configurations.o
 .bss           0x00000000        0x0 ./src/S_Configurations.o
 .debug_macro   0x00000000      0x868 ./src/S_Configurations.o
 .debug_macro   0x00000000       0x52 ./src/S_Configurations.o
 .debug_macro   0x00000000       0xa0 ./src/S_Configurations.o
 .debug_macro   0x00000000       0x16 ./src/S_Configurations.o
 .debug_macro   0x00000000       0x16 ./src/S_Configurations.o
 .group         0x00000000        0x8 ./src/SPI1.o
 .group         0x00000000        0x8 ./src/SPI1.o
 .group         0x00000000        0x8 ./src/SPI1.o
 .group         0x00000000        0x8 ./src/SPI1.o
 .group         0x00000000        0x8 ./src/SPI1.o
 .group         0x00000000        0x8 ./src/SPI1.o
 .group         0x00000000        0x8 ./src/SPI1.o
 .group         0x00000000        0x8 ./src/SPI1.o
 .group         0x00000000        0x8 ./src/SPI1.o
 .group         0x00000000        0x8 ./src/SPI1.o
 .group         0x00000000        0x8 ./src/SPI1.o
 .group         0x00000000        0x8 ./src/SPI1.o
 .group         0x00000000        0x8 ./src/SPI1.o
 .group         0x00000000        0x8 ./src/SPI1.o
 .text          0x00000000        0x0 ./src/SPI1.o
 .data          0x00000000        0x0 ./src/SPI1.o
 .bss           0x00000000        0x0 ./src/SPI1.o
 .data.LPSPI_c_RandomValue
                0x00000000        0x1 ./src/SPI1.o
 .text.LPSPI_v_GetRandomValueVariable
                0x00000000       0x18 ./src/SPI1.o
 .debug_macro   0x00000000      0x868 ./src/SPI1.o
 .debug_macro   0x00000000       0x52 ./src/SPI1.o
 .debug_macro   0x00000000       0xa0 ./src/SPI1.o
 .debug_macro   0x00000000       0x16 ./src/SPI1.o
 .debug_macro   0x00000000       0x19 ./src/SPI1.o
 .debug_macro   0x00000000       0x64 ./src/SPI1.o
 .debug_macro   0x00000000      0x185 ./src/SPI1.o
 .debug_macro   0x00000000      0x140 ./src/SPI1.o
 .debug_macro   0x00000000       0x9d ./src/SPI1.o
 .debug_macro   0x00000000       0x10 ./src/SPI1.o
 .debug_macro   0x00000000      0x15b ./src/SPI1.o
 .debug_macro   0x00000000       0x28 ./src/SPI1.o
 .debug_macro   0x00000000       0x58 ./src/SPI1.o
 .debug_macro   0x00000000     0xecad ./src/SPI1.o
 .group         0x00000000        0x8 ./src/GPIO.o
 .group         0x00000000        0x8 ./src/GPIO.o
 .group         0x00000000        0x8 ./src/GPIO.o
 .group         0x00000000        0x8 ./src/GPIO.o
 .group         0x00000000        0x8 ./src/GPIO.o
 .group         0x00000000        0x8 ./src/GPIO.o
 .group         0x00000000        0x8 ./src/GPIO.o
 .group         0x00000000        0x8 ./src/GPIO.o
 .group         0x00000000        0x8 ./src/GPIO.o
 .group         0x00000000        0x8 ./src/GPIO.o
 .group         0x00000000        0x8 ./src/GPIO.o
 .group         0x00000000        0x8 ./src/GPIO.o
 .group         0x00000000        0x8 ./src/GPIO.o
 .group         0x00000000        0x8 ./src/GPIO.o
 .text          0x00000000        0x0 ./src/GPIO.o
 .data          0x00000000        0x0 ./src/GPIO.o
 .bss           0x00000000        0x0 ./src/GPIO.o
 .data.valorRandom
                0x00000000        0x1 ./src/GPIO.o
 .text.GPIO_uc_GetRandomValue
                0x00000000       0x18 ./src/GPIO.o
 .debug_macro   0x00000000      0x868 ./src/GPIO.o
 .debug_macro   0x00000000       0x52 ./src/GPIO.o
 .debug_macro   0x00000000       0xa0 ./src/GPIO.o
 .debug_macro   0x00000000       0x16 ./src/GPIO.o
 .debug_macro   0x00000000       0x19 ./src/GPIO.o
 .debug_macro   0x00000000       0x64 ./src/GPIO.o
 .debug_macro   0x00000000      0x185 ./src/GPIO.o
 .debug_macro   0x00000000      0x140 ./src/GPIO.o
 .debug_macro   0x00000000       0x9d ./src/GPIO.o
 .debug_macro   0x00000000       0x10 ./src/GPIO.o
 .debug_macro   0x00000000      0x15b ./src/GPIO.o
 .debug_macro   0x00000000       0x28 ./src/GPIO.o
 .debug_macro   0x00000000       0x58 ./src/GPIO.o
 .debug_macro   0x00000000     0xecad ./src/GPIO.o
 .group         0x00000000        0x8 ./Project_Settings/Startup_Code/system_S32K144.o
 .group         0x00000000        0x8 ./Project_Settings/Startup_Code/system_S32K144.o
 .group         0x00000000        0x8 ./Project_Settings/Startup_Code/system_S32K144.o
 .group         0x00000000        0x8 ./Project_Settings/Startup_Code/system_S32K144.o
 .group         0x00000000        0x8 ./Project_Settings/Startup_Code/system_S32K144.o
 .group         0x00000000        0x8 ./Project_Settings/Startup_Code/system_S32K144.o
 .group         0x00000000        0x8 ./Project_Settings/Startup_Code/system_S32K144.o
 .group         0x00000000        0x8 ./Project_Settings/Startup_Code/system_S32K144.o
 .group         0x00000000        0x8 ./Project_Settings/Startup_Code/system_S32K144.o
 .group         0x00000000        0x8 ./Project_Settings/Startup_Code/system_S32K144.o
 .group         0x00000000        0x8 ./Project_Settings/Startup_Code/system_S32K144.o
 .group         0x00000000        0x8 ./Project_Settings/Startup_Code/system_S32K144.o
 .group         0x00000000        0x8 ./Project_Settings/Startup_Code/system_S32K144.o
 .group         0x00000000        0x8 ./Project_Settings/Startup_Code/system_S32K144.o
 .group         0x00000000        0x8 ./Project_Settings/Startup_Code/system_S32K144.o
 .group         0x00000000        0x8 ./Project_Settings/Startup_Code/system_S32K144.o
 .group         0x00000000        0x8 ./Project_Settings/Startup_Code/system_S32K144.o
 .group         0x00000000        0x8 ./Project_Settings/Startup_Code/system_S32K144.o
 .group         0x00000000        0x8 ./Project_Settings/Startup_Code/system_S32K144.o
 .text          0x00000000        0x0 ./Project_Settings/Startup_Code/system_S32K144.o
 .data          0x00000000        0x0 ./Project_Settings/Startup_Code/system_S32K144.o
 .bss           0x00000000        0x0 ./Project_Settings/Startup_Code/system_S32K144.o
 .data.SystemCoreClock
                0x00000000        0x4 ./Project_Settings/Startup_Code/system_S32K144.o
 .text.SystemCoreClockUpdate
                0x00000000       0xf4 ./Project_Settings/Startup_Code/system_S32K144.o
 .text.SystemSoftwareReset
                0x00000000       0x40 ./Project_Settings/Startup_Code/system_S32K144.o
 .rodata.fircFreq.5157
                0x00000000       0x10 ./Project_Settings/Startup_Code/system_S32K144.o
 .debug_macro   0x00000000      0x868 ./Project_Settings/Startup_Code/system_S32K144.o
 .debug_macro   0x00000000       0x52 ./Project_Settings/Startup_Code/system_S32K144.o
 .debug_macro   0x00000000       0xa0 ./Project_Settings/Startup_Code/system_S32K144.o
 .debug_macro   0x00000000       0x16 ./Project_Settings/Startup_Code/system_S32K144.o
 .debug_macro   0x00000000       0x19 ./Project_Settings/Startup_Code/system_S32K144.o
 .debug_macro   0x00000000       0x64 ./Project_Settings/Startup_Code/system_S32K144.o
 .debug_macro   0x00000000      0x185 ./Project_Settings/Startup_Code/system_S32K144.o
 .debug_macro   0x00000000      0x140 ./Project_Settings/Startup_Code/system_S32K144.o
 .debug_macro   0x00000000       0x9d ./Project_Settings/Startup_Code/system_S32K144.o
 .debug_macro   0x00000000       0x10 ./Project_Settings/Startup_Code/system_S32K144.o
 .debug_macro   0x00000000      0x15b ./Project_Settings/Startup_Code/system_S32K144.o
 .debug_macro   0x00000000       0x28 ./Project_Settings/Startup_Code/system_S32K144.o
 .debug_macro   0x00000000       0x58 ./Project_Settings/Startup_Code/system_S32K144.o
 .debug_macro   0x00000000     0xecad ./Project_Settings/Startup_Code/system_S32K144.o
 .data          0x00000000        0x0 ./Project_Settings/Startup_Code/startup_S32K144.o
 .bss           0x00000000        0x0 ./Project_Settings/Startup_Code/startup_S32K144.o
 .group         0x00000000        0x8 ./Project_Settings/Startup_Code/startup.o
 .group         0x00000000        0x8 ./Project_Settings/Startup_Code/startup.o
 .group         0x00000000        0x8 ./Project_Settings/Startup_Code/startup.o
 .group         0x00000000        0x8 ./Project_Settings/Startup_Code/startup.o
 .group         0x00000000        0x8 ./Project_Settings/Startup_Code/startup.o
 .group         0x00000000        0x8 ./Project_Settings/Startup_Code/startup.o
 .group         0x00000000        0x8 ./Project_Settings/Startup_Code/startup.o
 .group         0x00000000        0x8 ./Project_Settings/Startup_Code/startup.o
 .group         0x00000000        0x8 ./Project_Settings/Startup_Code/startup.o
 .group         0x00000000        0x8 ./Project_Settings/Startup_Code/startup.o
 .group         0x00000000        0x8 ./Project_Settings/Startup_Code/startup.o
 .group         0x00000000        0x8 ./Project_Settings/Startup_Code/startup.o
 .group         0x00000000        0x8 ./Project_Settings/Startup_Code/startup.o
 .group         0x00000000        0x8 ./Project_Settings/Startup_Code/startup.o
 .group         0x00000000        0x8 ./Project_Settings/Startup_Code/startup.o
 .group         0x00000000        0x8 ./Project_Settings/Startup_Code/startup.o
 .group         0x00000000        0x8 ./Project_Settings/Startup_Code/startup.o
 .group         0x00000000        0x8 ./Project_Settings/Startup_Code/startup.o
 .text          0x00000000        0x0 ./Project_Settings/Startup_Code/startup.o
 .data          0x00000000        0x0 ./Project_Settings/Startup_Code/startup.o
 .bss           0x00000000        0x0 ./Project_Settings/Startup_Code/startup.o
 .debug_macro   0x00000000      0x868 ./Project_Settings/Startup_Code/startup.o
 .debug_macro   0x00000000       0x52 ./Project_Settings/Startup_Code/startup.o
 .debug_macro   0x00000000       0xa0 ./Project_Settings/Startup_Code/startup.o
 .debug_macro   0x00000000       0x16 ./Project_Settings/Startup_Code/startup.o
 .debug_macro   0x00000000       0x10 ./Project_Settings/Startup_Code/startup.o
 .debug_macro   0x00000000       0x6d ./Project_Settings/Startup_Code/startup.o
 .debug_macro   0x00000000       0x19 ./Project_Settings/Startup_Code/startup.o
 .debug_macro   0x00000000       0x64 ./Project_Settings/Startup_Code/startup.o
 .debug_macro   0x00000000      0x185 ./Project_Settings/Startup_Code/startup.o
 .debug_macro   0x00000000      0x140 ./Project_Settings/Startup_Code/startup.o
 .debug_macro   0x00000000       0x9d ./Project_Settings/Startup_Code/startup.o
 .debug_macro   0x00000000       0x10 ./Project_Settings/Startup_Code/startup.o
 .debug_macro   0x00000000      0x15b ./Project_Settings/Startup_Code/startup.o
 .debug_macro   0x00000000       0x28 ./Project_Settings/Startup_Code/startup.o
 .debug_macro   0x00000000       0x58 ./Project_Settings/Startup_Code/startup.o
 .debug_macro   0x00000000     0xecad ./Project_Settings/Startup_Code/startup.o
 .debug_macro   0x00000000      0xa19 ./Project_Settings/Startup_Code/startup.o
 .debug_macro   0x00000000       0x22 ./Project_Settings/Startup_Code/startup.o
 .text          0x00000000        0x0 C:/NXP/S32DS_ARM_v2018.R1/S32DS/arm_ewl2/lib/armv7e-m\libc99.a(exit.o)
 .data          0x00000000        0x0 C:/NXP/S32DS_ARM_v2018.R1/S32DS/arm_ewl2/lib/armv7e-m\libc99.a(exit.o)
 .bss           0x00000000        0x0 C:/NXP/S32DS_ARM_v2018.R1/S32DS/arm_ewl2/lib/armv7e-m\libc99.a(exit.o)
 .text.exit     0x00000000       0x38 C:/NXP/S32DS_ARM_v2018.R1/S32DS/arm_ewl2/lib/armv7e-m\libc99.a(exit.o)
 .text._Exit    0x00000000        0x4 C:/NXP/S32DS_ARM_v2018.R1/S32DS/arm_ewl2/lib/armv7e-m\libc99.a(exit.o)
 .bss.__stdio_exit
                0x00000000        0x4 C:/NXP/S32DS_ARM_v2018.R1/S32DS/arm_ewl2/lib/armv7e-m\libc99.a(exit.o)
 .bss.__console_exit
                0x00000000        0x4 C:/NXP/S32DS_ARM_v2018.R1/S32DS/arm_ewl2/lib/armv7e-m\libc99.a(exit.o)
 .debug_info    0x00000000      0x111 C:/NXP/S32DS_ARM_v2018.R1/S32DS/arm_ewl2/lib/armv7e-m\libc99.a(exit.o)
 .debug_abbrev  0x00000000       0x91 C:/NXP/S32DS_ARM_v2018.R1/S32DS/arm_ewl2/lib/armv7e-m\libc99.a(exit.o)
 .debug_loc     0x00000000       0x5d C:/NXP/S32DS_ARM_v2018.R1/S32DS/arm_ewl2/lib/armv7e-m\libc99.a(exit.o)
 .debug_aranges
                0x00000000       0x28 C:/NXP/S32DS_ARM_v2018.R1/S32DS/arm_ewl2/lib/armv7e-m\libc99.a(exit.o)
 .debug_line    0x00000000       0xa4 C:/NXP/S32DS_ARM_v2018.R1/S32DS/arm_ewl2/lib/armv7e-m\libc99.a(exit.o)
 .debug_str     0x00000000      0x23c C:/NXP/S32DS_ARM_v2018.R1/S32DS/arm_ewl2/lib/armv7e-m\libc99.a(exit.o)
 .comment       0x00000000       0x71 C:/NXP/S32DS_ARM_v2018.R1/S32DS/arm_ewl2/lib/armv7e-m\libc99.a(exit.o)
 .debug_frame   0x00000000       0x3c C:/NXP/S32DS_ARM_v2018.R1/S32DS/arm_ewl2/lib/armv7e-m\libc99.a(exit.o)
 .ARM.attributes
                0x00000000       0x33 C:/NXP/S32DS_ARM_v2018.R1/S32DS/arm_ewl2/lib/armv7e-m\libc99.a(exit.o)
 .text          0x00000000        0x0 C:/NXP/S32DS_ARM_v2018.R1/S32DS/arm_ewl2/lib/armv7e-m\libc99.a(memset.o)
 .data          0x00000000        0x0 C:/NXP/S32DS_ARM_v2018.R1/S32DS/arm_ewl2/lib/armv7e-m\libc99.a(memset.o)
 .bss           0x00000000        0x0 C:/NXP/S32DS_ARM_v2018.R1/S32DS/arm_ewl2/lib/armv7e-m\libc99.a(memset.o)
 .text.memset   0x00000000        0xc C:/NXP/S32DS_ARM_v2018.R1/S32DS/arm_ewl2/lib/armv7e-m\libc99.a(memset.o)
 .debug_info    0x00000000       0xec C:/NXP/S32DS_ARM_v2018.R1/S32DS/arm_ewl2/lib/armv7e-m\libc99.a(memset.o)
 .debug_abbrev  0x00000000       0x62 C:/NXP/S32DS_ARM_v2018.R1/S32DS/arm_ewl2/lib/armv7e-m\libc99.a(memset.o)
 .debug_loc     0x00000000       0x64 C:/NXP/S32DS_ARM_v2018.R1/S32DS/arm_ewl2/lib/armv7e-m\libc99.a(memset.o)
 .debug_aranges
                0x00000000       0x20 C:/NXP/S32DS_ARM_v2018.R1/S32DS/arm_ewl2/lib/armv7e-m\libc99.a(memset.o)
 .debug_line    0x00000000       0x8f C:/NXP/S32DS_ARM_v2018.R1/S32DS/arm_ewl2/lib/armv7e-m\libc99.a(memset.o)
 .debug_str     0x00000000      0x21f C:/NXP/S32DS_ARM_v2018.R1/S32DS/arm_ewl2/lib/armv7e-m\libc99.a(memset.o)
 .comment       0x00000000       0x71 C:/NXP/S32DS_ARM_v2018.R1/S32DS/arm_ewl2/lib/armv7e-m\libc99.a(memset.o)
 .debug_frame   0x00000000       0x28 C:/NXP/S32DS_ARM_v2018.R1/S32DS/arm_ewl2/lib/armv7e-m\libc99.a(memset.o)
 .ARM.attributes
                0x00000000       0x33 C:/NXP/S32DS_ARM_v2018.R1/S32DS/arm_ewl2/lib/armv7e-m\libc99.a(memset.o)
 .text          0x00000000        0x0 C:/NXP/S32DS_ARM_v2018.R1/S32DS/arm_ewl2/lib/armv7e-m\libc99.a(__filll_mem.o)
 .data          0x00000000        0x0 C:/NXP/S32DS_ARM_v2018.R1/S32DS/arm_ewl2/lib/armv7e-m\libc99.a(__filll_mem.o)
 .bss           0x00000000        0x0 C:/NXP/S32DS_ARM_v2018.R1/S32DS/arm_ewl2/lib/armv7e-m\libc99.a(__filll_mem.o)
 .text.__fill_mem
                0x00000000       0x7a C:/NXP/S32DS_ARM_v2018.R1/S32DS/arm_ewl2/lib/armv7e-m\libc99.a(__filll_mem.o)
 .debug_info    0x00000000      0x137 C:/NXP/S32DS_ARM_v2018.R1/S32DS/arm_ewl2/lib/armv7e-m\libc99.a(__filll_mem.o)
 .debug_abbrev  0x00000000       0x78 C:/NXP/S32DS_ARM_v2018.R1/S32DS/arm_ewl2/lib/armv7e-m\libc99.a(__filll_mem.o)
 .debug_loc     0x00000000      0x16b C:/NXP/S32DS_ARM_v2018.R1/S32DS/arm_ewl2/lib/armv7e-m\libc99.a(__filll_mem.o)
 .debug_aranges
                0x00000000       0x20 C:/NXP/S32DS_ARM_v2018.R1/S32DS/arm_ewl2/lib/armv7e-m\libc99.a(__filll_mem.o)
 .debug_line    0x00000000       0xb2 C:/NXP/S32DS_ARM_v2018.R1/S32DS/arm_ewl2/lib/armv7e-m\libc99.a(__filll_mem.o)
 .debug_str     0x00000000      0x231 C:/NXP/S32DS_ARM_v2018.R1/S32DS/arm_ewl2/lib/armv7e-m\libc99.a(__filll_mem.o)
 .comment       0x00000000       0x71 C:/NXP/S32DS_ARM_v2018.R1/S32DS/arm_ewl2/lib/armv7e-m\libc99.a(__filll_mem.o)
 .debug_frame   0x00000000       0x28 C:/NXP/S32DS_ARM_v2018.R1/S32DS/arm_ewl2/lib/armv7e-m\libc99.a(__filll_mem.o)
 .ARM.attributes
                0x00000000       0x33 C:/NXP/S32DS_ARM_v2018.R1/S32DS/arm_ewl2/lib/armv7e-m\libc99.a(__filll_mem.o)
 .text          0x00000000        0x0 C:/NXP/S32DS_ARM_v2018.R1/S32DS/arm_ewl2/lib/armv7e-m\librt.a(gcc_ctor_dtor.o)
 .data          0x00000000        0x0 C:/NXP/S32DS_ARM_v2018.R1/S32DS/arm_ewl2/lib/armv7e-m\librt.a(gcc_ctor_dtor.o)
 .bss           0x00000000        0x0 C:/NXP/S32DS_ARM_v2018.R1/S32DS/arm_ewl2/lib/armv7e-m\librt.a(gcc_ctor_dtor.o)
 .text.__init_cpp
                0x00000000       0x4c C:/NXP/S32DS_ARM_v2018.R1/S32DS/arm_ewl2/lib/armv7e-m\librt.a(gcc_ctor_dtor.o)
 .text.__fini_cpp
                0x00000000       0x34 C:/NXP/S32DS_ARM_v2018.R1/S32DS/arm_ewl2/lib/armv7e-m\librt.a(gcc_ctor_dtor.o)
 .text._ExitProcess
                0x00000000        0x2 C:/NXP/S32DS_ARM_v2018.R1/S32DS/arm_ewl2/lib/armv7e-m\librt.a(gcc_ctor_dtor.o)
 .bss.__dso_handle
                0x00000000        0x4 C:/NXP/S32DS_ARM_v2018.R1/S32DS/arm_ewl2/lib/armv7e-m\librt.a(gcc_ctor_dtor.o)
 .debug_info    0x00000000      0x14a C:/NXP/S32DS_ARM_v2018.R1/S32DS/arm_ewl2/lib/armv7e-m\librt.a(gcc_ctor_dtor.o)
 .debug_abbrev  0x00000000       0xae C:/NXP/S32DS_ARM_v2018.R1/S32DS/arm_ewl2/lib/armv7e-m\librt.a(gcc_ctor_dtor.o)
 .debug_loc     0x00000000       0x9d C:/NXP/S32DS_ARM_v2018.R1/S32DS/arm_ewl2/lib/armv7e-m\librt.a(gcc_ctor_dtor.o)
 .debug_aranges
                0x00000000       0x30 C:/NXP/S32DS_ARM_v2018.R1/S32DS/arm_ewl2/lib/armv7e-m\librt.a(gcc_ctor_dtor.o)
 .debug_line    0x00000000       0x74 C:/NXP/S32DS_ARM_v2018.R1/S32DS/arm_ewl2/lib/armv7e-m\librt.a(gcc_ctor_dtor.o)
 .debug_str     0x00000000      0x28e C:/NXP/S32DS_ARM_v2018.R1/S32DS/arm_ewl2/lib/armv7e-m\librt.a(gcc_ctor_dtor.o)
 .comment       0x00000000       0x71 C:/NXP/S32DS_ARM_v2018.R1/S32DS/arm_ewl2/lib/armv7e-m\librt.a(gcc_ctor_dtor.o)
 .debug_frame   0x00000000       0x50 C:/NXP/S32DS_ARM_v2018.R1/S32DS/arm_ewl2/lib/armv7e-m\librt.a(gcc_ctor_dtor.o)
 .ARM.attributes
                0x00000000       0x33 C:/NXP/S32DS_ARM_v2018.R1/S32DS/arm_ewl2/lib/armv7e-m\librt.a(gcc_ctor_dtor.o)
 .text          0x00000000        0x0 C:/NXP/S32DS_ARM_v2018.R1/S32DS/arm_ewl2/lib/armv7e-m\librt.a(__arm_eabi_init.o)
 .data          0x00000000        0x0 C:/NXP/S32DS_ARM_v2018.R1/S32DS/arm_ewl2/lib/armv7e-m\librt.a(__arm_eabi_init.o)
 .bss           0x00000000        0x0 C:/NXP/S32DS_ARM_v2018.R1/S32DS/arm_ewl2/lib/armv7e-m\librt.a(__arm_eabi_init.o)
 .text.__destroy_global_chain
                0x00000000       0x18 C:/NXP/S32DS_ARM_v2018.R1/S32DS/arm_ewl2/lib/armv7e-m\librt.a(__arm_eabi_init.o)
 .text.__register_global_object
                0x00000000       0x14 C:/NXP/S32DS_ARM_v2018.R1/S32DS/arm_ewl2/lib/armv7e-m\librt.a(__arm_eabi_init.o)
 .text.__cxa_atexit
                0x00000000       0x38 C:/NXP/S32DS_ARM_v2018.R1/S32DS/arm_ewl2/lib/armv7e-m\librt.a(__arm_eabi_init.o)
 .text.__aeabi_atexit
                0x00000000        0xa C:/NXP/S32DS_ARM_v2018.R1/S32DS/arm_ewl2/lib/armv7e-m\librt.a(__arm_eabi_init.o)
 .text.__register_atexit
                0x00000000        0x8 C:/NXP/S32DS_ARM_v2018.R1/S32DS/arm_ewl2/lib/armv7e-m\librt.a(__arm_eabi_init.o)
 .text.__init_registers
                0x00000000       0x20 C:/NXP/S32DS_ARM_v2018.R1/S32DS/arm_ewl2/lib/armv7e-m\librt.a(__arm_eabi_init.o)
 .text.__init_hardware
                0x00000000        0x4 C:/NXP/S32DS_ARM_v2018.R1/S32DS/arm_ewl2/lib/armv7e-m\librt.a(__arm_eabi_init.o)
 .text.__init_user
                0x00000000        0x4 C:/NXP/S32DS_ARM_v2018.R1/S32DS/arm_ewl2/lib/armv7e-m\librt.a(__arm_eabi_init.o)
 .bss.atexit_curr_func
                0x00000000        0x4 C:/NXP/S32DS_ARM_v2018.R1/S32DS/arm_ewl2/lib/armv7e-m\librt.a(__arm_eabi_init.o)
 .bss.atexit_funcs
                0x00000000      0x300 C:/NXP/S32DS_ARM_v2018.R1/S32DS/arm_ewl2/lib/armv7e-m\librt.a(__arm_eabi_init.o)
 .bss.__global_destructor_chain
                0x00000000        0x4 C:/NXP/S32DS_ARM_v2018.R1/S32DS/arm_ewl2/lib/armv7e-m\librt.a(__arm_eabi_init.o)
 .debug_info    0x00000000      0x2b3 C:/NXP/S32DS_ARM_v2018.R1/S32DS/arm_ewl2/lib/armv7e-m\librt.a(__arm_eabi_init.o)
 .debug_abbrev  0x00000000      0x1d3 C:/NXP/S32DS_ARM_v2018.R1/S32DS/arm_ewl2/lib/armv7e-m\librt.a(__arm_eabi_init.o)
 .debug_loc     0x00000000      0x144 C:/NXP/S32DS_ARM_v2018.R1/S32DS/arm_ewl2/lib/armv7e-m\librt.a(__arm_eabi_init.o)
 .debug_aranges
                0x00000000       0x58 C:/NXP/S32DS_ARM_v2018.R1/S32DS/arm_ewl2/lib/armv7e-m\librt.a(__arm_eabi_init.o)
 .debug_line    0x00000000      0x107 C:/NXP/S32DS_ARM_v2018.R1/S32DS/arm_ewl2/lib/armv7e-m\librt.a(__arm_eabi_init.o)
 .debug_str     0x00000000      0x2b5 C:/NXP/S32DS_ARM_v2018.R1/S32DS/arm_ewl2/lib/armv7e-m\librt.a(__arm_eabi_init.o)
 .comment       0x00000000       0x71 C:/NXP/S32DS_ARM_v2018.R1/S32DS/arm_ewl2/lib/armv7e-m\librt.a(__arm_eabi_init.o)
 .debug_frame   0x00000000       0xac C:/NXP/S32DS_ARM_v2018.R1/S32DS/arm_ewl2/lib/armv7e-m\librt.a(__arm_eabi_init.o)
 .ARM.attributes
                0x00000000       0x33 C:/NXP/S32DS_ARM_v2018.R1/S32DS/arm_ewl2/lib/armv7e-m\librt.a(__arm_eabi_init.o)
 .text          0x00000000        0x0 C:/NXP/S32DS_ARM_v2018.R1/S32DS/arm_ewl2/lib/armv7e-m\librt.a(ROMCopy.o)
 .data          0x00000000        0x0 C:/NXP/S32DS_ARM_v2018.R1/S32DS/arm_ewl2/lib/armv7e-m\librt.a(ROMCopy.o)
 .bss           0x00000000        0x0 C:/NXP/S32DS_ARM_v2018.R1/S32DS/arm_ewl2/lib/armv7e-m\librt.a(ROMCopy.o)
 .text.__flush_cache
                0x00000000        0x2 C:/NXP/S32DS_ARM_v2018.R1/S32DS/arm_ewl2/lib/armv7e-m\librt.a(ROMCopy.o)
 .text.__copy_rom_section
                0x00000000       0x42 C:/NXP/S32DS_ARM_v2018.R1/S32DS/arm_ewl2/lib/armv7e-m\librt.a(ROMCopy.o)
 .text.__copy_rom_sections_to_ram
                0x00000000       0x28 C:/NXP/S32DS_ARM_v2018.R1/S32DS/arm_ewl2/lib/armv7e-m\librt.a(ROMCopy.o)
 .debug_info    0x00000000      0x20e C:/NXP/S32DS_ARM_v2018.R1/S32DS/arm_ewl2/lib/armv7e-m\librt.a(ROMCopy.o)
 .debug_abbrev  0x00000000      0x11f C:/NXP/S32DS_ARM_v2018.R1/S32DS/arm_ewl2/lib/armv7e-m\librt.a(ROMCopy.o)
 .debug_loc     0x00000000       0xb3 C:/NXP/S32DS_ARM_v2018.R1/S32DS/arm_ewl2/lib/armv7e-m\librt.a(ROMCopy.o)
 .debug_aranges
                0x00000000       0x30 C:/NXP/S32DS_ARM_v2018.R1/S32DS/arm_ewl2/lib/armv7e-m\librt.a(ROMCopy.o)
 .debug_line    0x00000000       0x9e C:/NXP/S32DS_ARM_v2018.R1/S32DS/arm_ewl2/lib/armv7e-m\librt.a(ROMCopy.o)
 .debug_str     0x00000000      0x233 C:/NXP/S32DS_ARM_v2018.R1/S32DS/arm_ewl2/lib/armv7e-m\librt.a(ROMCopy.o)
 .comment       0x00000000       0x71 C:/NXP/S32DS_ARM_v2018.R1/S32DS/arm_ewl2/lib/armv7e-m\librt.a(ROMCopy.o)
 .debug_frame   0x00000000       0x48 C:/NXP/S32DS_ARM_v2018.R1/S32DS/arm_ewl2/lib/armv7e-m\librt.a(ROMCopy.o)
 .ARM.attributes
                0x00000000       0x33 C:/NXP/S32DS_ARM_v2018.R1/S32DS/arm_ewl2/lib/armv7e-m\librt.a(ROMCopy.o)
 .text          0x00000000        0x0 C:/NXP/S32DS_ARM_v2018.R1/S32DS/arm_ewl2/lib/armv7e-m/__arm_end.o
 .data          0x00000000        0x0 C:/NXP/S32DS_ARM_v2018.R1/S32DS/arm_ewl2/lib/armv7e-m/__arm_end.o
 .bss           0x00000000        0x0 C:/NXP/S32DS_ARM_v2018.R1/S32DS/arm_ewl2/lib/armv7e-m/__arm_end.o
 .text._ExitProcess
                0x00000000        0x2 C:/NXP/S32DS_ARM_v2018.R1/S32DS/arm_ewl2/lib/armv7e-m/__arm_end.o
 .debug_info    0x00000000       0x4e C:/NXP/S32DS_ARM_v2018.R1/S32DS/arm_ewl2/lib/armv7e-m/__arm_end.o
 .debug_abbrev  0x00000000       0x4a C:/NXP/S32DS_ARM_v2018.R1/S32DS/arm_ewl2/lib/armv7e-m/__arm_end.o
 .debug_aranges
                0x00000000       0x20 C:/NXP/S32DS_ARM_v2018.R1/S32DS/arm_ewl2/lib/armv7e-m/__arm_end.o
 .debug_line    0x00000000       0x45 C:/NXP/S32DS_ARM_v2018.R1/S32DS/arm_ewl2/lib/armv7e-m/__arm_end.o
 .debug_str     0x00000000      0x1a7 C:/NXP/S32DS_ARM_v2018.R1/S32DS/arm_ewl2/lib/armv7e-m/__arm_end.o
 .comment       0x00000000       0x71 C:/NXP/S32DS_ARM_v2018.R1/S32DS/arm_ewl2/lib/armv7e-m/__arm_end.o
 .debug_frame   0x00000000       0x20 C:/NXP/S32DS_ARM_v2018.R1/S32DS/arm_ewl2/lib/armv7e-m/__arm_end.o
 .ARM.attributes
                0x00000000       0x33 C:/NXP/S32DS_ARM_v2018.R1/S32DS/arm_ewl2/lib/armv7e-m/__arm_end.o

Memory Configuration

Name             Origin             Length             Attributes
m_interrupts     0x00000000         0x00000400         xr
m_flash_config   0x00000400         0x00000010         xr
m_text           0x00000410         0x0007fbf0         xr
m_data           0x1fff8000         0x00008000         rw
m_data_2         0x20000000         0x00007000         rw
*default*        0x00000000         0xffffffff

Linker script and memory map

LOAD C:/NXP/S32DS_ARM_v2018.R1/S32DS/arm_ewl2/lib/armv7e-m/__arm_start.o
LOAD ./src/main.o
LOAD ./src/clocks.o
LOAD ./src/WindowLifter_State.o
LOAD ./src/WindowLifter.o
LOAD ./src/S_Configurations.o
LOAD ./src/SPI1.o
LOAD ./src/GPIO.o
LOAD ./Project_Settings/Startup_Code/system_S32K144.o
LOAD ./Project_Settings/Startup_Code/startup_S32K144.o
LOAD ./Project_Settings/Startup_Code/startup.o
START GROUP
LOAD C:/NXP/S32DS_ARM_v2018.R1/S32DS/arm_ewl2/lib/armv7e-m\libc99.a
LOAD C:/NXP/S32DS_ARM_v2018.R1/S32DS/arm_ewl2/lib/armv7e-m\libm.a
LOAD c:/nxp/s32ds_arm_v2018.r1/cross_tools/gcc-arm-none-eabi-4_9/bin/../lib/gcc/arm-none-eabi/4.9.3/armv7e-m\libgcc.a
LOAD C:/NXP/S32DS_ARM_v2018.R1/S32DS/arm_ewl2/lib/armv7e-m\librt.a
LOAD C:/NXP/S32DS_ARM_v2018.R1/S32DS/arm_ewl2/lib/armv7e-m\libnoio.a
END GROUP
LOAD C:/NXP/S32DS_ARM_v2018.R1/S32DS/arm_ewl2/lib/armv7e-m/__arm_end.o
                0x00000400                HEAP_SIZE = DEFINED (__heap_size__)?__heap_size__:0x400
                0x00000400                STACK_SIZE = DEFINED (__stack_size__)?__stack_size__:0x400
                0x00000400                M_VECTOR_RAM_SIZE = DEFINED (__flash_vector_table__)?0x0:0x400

.interrupts     0x00000000      0x400
                0x00000000                __VECTOR_TABLE = .
                0x00000000                . = ALIGN (0x4)
 *(.isr_vector)
 .isr_vector    0x00000000      0x400 ./Project_Settings/Startup_Code/startup_S32K144.o
                0x00000000                __isr_vector
                0x00000400                . = ALIGN (0x4)

.flash_config   0x00000400       0x10
                0x00000400                . = ALIGN (0x4)
 *(.FlashConfig)
 .FlashConfig   0x00000400       0x10 ./Project_Settings/Startup_Code/startup_S32K144.o
                0x00000410                . = ALIGN (0x4)

.text           0x00000410      0x540
                0x00000410                . = ALIGN (0x4)
 *(.text)
 .text          0x00000410       0x44 ./Project_Settings/Startup_Code/startup_S32K144.o
                0x00000410                Reset_Handler
                0x00000450                DebugMon_Handler
                0x00000450                Reserved88_IRQHandler
                0x00000450                CAN0_ORed_IRQHandler
                0x00000450                HardFault_Handler
                0x00000450                Reserved86_IRQHandler
                0x00000450                Reserved103_IRQHandler
                0x00000450                SysTick_Handler
                0x00000450                FTM2_Ovf_Reload_IRQHandler
                0x00000450                Reserved50_IRQHandler
                0x00000450                FTFC_Fault_IRQHandler
                0x00000450                FTM0_Ch6_Ch7_IRQHandler
                0x00000450                Reserved114_IRQHandler
                0x00000450                PendSV_Handler
                0x00000450                NMI_Handler
                0x00000450                Reserved89_IRQHandler
                0x00000450                ERM_double_fault_IRQHandler
                0x00000450                DMA2_IRQHandler
                0x00000450                Reserved59_IRQHandler
                0x00000450                LPIT0_Ch0_IRQHandler
                0x00000450                Reserved99_IRQHandler
                0x00000450                FTM3_Ch6_Ch7_IRQHandler
                0x00000450                CAN2_ORed_0_15_MB_IRQHandler
                0x00000450                LPIT0_Ch3_IRQHandler
                0x00000450                Reserved92_IRQHandler
                0x00000450                FTM0_Ch4_Ch5_IRQHandler
                0x00000450                CAN1_Error_IRQHandler
                0x00000450                FTM3_Ch0_Ch1_IRQHandler
                0x00000450                SWI_IRQHandler
                0x00000450                ADC0_IRQHandler
                0x00000450                FTM2_Ch4_Ch5_IRQHandler
                0x00000450                UsageFault_Handler
                0x00000450                FTM0_Ovf_Reload_IRQHandler
                0x00000450                DefaultISR
                0x00000450                DMA9_IRQHandler
                0x00000450                Reserved58_IRQHandler
                0x00000450                CAN1_ORed_0_15_MB_IRQHandler
                0x00000450                FTM1_Ch2_Ch3_IRQHandler
                0x00000450                DMA14_IRQHandler
                0x00000450                Reserved82_IRQHandler
                0x00000450                CAN0_ORed_16_31_MB_IRQHandler
                0x00000450                LPI2C0_Slave_IRQHandler
                0x00000450                Reserved71_IRQHandler
                0x00000450                PORTD_IRQHandler
                0x00000450                Reserved69_IRQHandler
                0x00000450                PORTB_IRQHandler
                0x00000450                Reserved70_IRQHandler
                0x00000450                ADC1_IRQHandler
                0x00000450                FTM2_Ch2_Ch3_IRQHandler
                0x00000450                Reserved53_IRQHandler
                0x00000450                DMA5_IRQHandler
                0x00000450                RTC_IRQHandler
                0x00000450                PDB0_IRQHandler
                0x00000450                Reserved54_IRQHandler
                0x00000450                FTM2_Ch6_Ch7_IRQHandler
                0x00000450                FTM3_Ch2_Ch3_IRQHandler
                0x00000450                FTM2_Ch0_Ch1_IRQHandler
                0x00000450                LPSPI1_IRQHandler
                0x00000450                LPUART1_RxTx_IRQHandler
                0x00000450                RTC_Seconds_IRQHandler
                0x00000450                CAN2_ORed_IRQHandler
                0x00000450                Reserved72_IRQHandler
                0x00000450                Reserved110_IRQHandler
                0x00000450                DMA11_IRQHandler
                0x00000450                Reserved107_IRQHandler
                0x00000450                Read_Collision_IRQHandler
                0x00000450                CAN2_Error_IRQHandler
                0x00000450                FTFC_IRQHandler
                0x00000450                DMA7_IRQHandler
                0x00000450                FTM1_Ch6_Ch7_IRQHandler
                0x00000450                Reserved105_IRQHandler
                0x00000450                LPIT0_Ch1_IRQHandler
                0x00000450                FTM1_Ch4_Ch5_IRQHandler
                0x00000450                FTM3_Ovf_Reload_IRQHandler
                0x00000450                LPUART2_RxTx_IRQHandler
                0x00000450                LPSPI0_IRQHandler
                0x00000450                WDOG_EWM_IRQHandler
                0x00000450                MemManage_Handler
                0x00000450                Reserved90_IRQHandler
                0x00000450                Reserved83_IRQHandler
                0x00000450                FTM0_Fault_IRQHandler
                0x00000450                Reserved48_IRQHandler
                0x00000450                SVC_Handler
                0x00000450                ERM_single_fault_IRQHandler
                0x00000450                FTM2_Fault_IRQHandler
                0x00000450                FTM0_Ch2_Ch3_IRQHandler
                0x00000450                DMA13_IRQHandler
                0x00000450                FTM0_Ch0_Ch1_IRQHandler
                0x00000450                FTM3_Fault_IRQHandler
                0x00000450                RCM_IRQHandler
                0x00000450                DMA3_IRQHandler
                0x00000450                Reserved100_IRQHandler
                0x00000450                DMA0_IRQHandler
                0x00000450                Reserved91_IRQHandler
                0x00000450                CAN1_ORed_IRQHandler
                0x00000450                DMA15_IRQHandler
                0x00000450                SCG_IRQHandler
                0x00000450                PDB1_IRQHandler
                0x00000450                Reserved81_IRQHandler
                0x00000450                Reserved46_IRQHandler
                0x00000450                Reserved45_IRQHandler
                0x00000450                CAN0_Error_IRQHandler
                0x00000450                Reserved112_IRQHandler
                0x00000450                LPI2C0_Master_IRQHandler
                0x00000450                DMA4_IRQHandler
                0x00000450                FTM1_Fault_IRQHandler
                0x00000450                Reserved106_IRQHandler
                0x00000450                DMA_Error_IRQHandler
                0x00000450                LVD_LVW_IRQHandler
                0x00000450                LPIT0_Ch2_IRQHandler
                0x00000450                PORTA_IRQHandler
                0x00000450                MCM_IRQHandler
                0x00000450                LPSPI2_IRQHandler
                0x00000450                DMA12_IRQHandler
                0x00000450                FTM3_Ch4_Ch5_IRQHandler
                0x00000450                CAN0_ORed_0_15_MB_IRQHandler
                0x00000450                PORTE_IRQHandler
                0x00000450                LPUART0_RxTx_IRQHandler
                0x00000450                LPTMR0_IRQHandler
                0x00000450                BusFault_Handler
                0x00000450                Reserved87_IRQHandler
                0x00000450                FTM1_Ovf_Reload_IRQHandler
                0x00000450                DMA8_IRQHandler
                0x00000450                Reserved93_IRQHandler
                0x00000450                DMA10_IRQHandler
                0x00000450                CAN0_Wake_Up_IRQHandler
                0x00000450                CMP0_IRQHandler
                0x00000450                Reserved52_IRQHandler
                0x00000450                PORTC_IRQHandler
                0x00000450                DMA6_IRQHandler
                0x00000450                FTM1_Ch0_Ch1_IRQHandler
                0x00000450                FLEXIO_IRQHandler
                0x00000450                DMA1_IRQHandler
                0x00000450                Reserved113_IRQHandler
 *(.text*)
 .text.main     0x00000454        0xc ./src/main.o
                0x00000454                main
 .text.WD_v_Disable
                0x00000460       0x2c ./src/clocks.o
                0x00000460                WD_v_Disable
 .text.SOSC_init_8MHz
                0x0000048c       0x4c ./src/clocks.o
                0x0000048c                SOSC_init_8MHz
 .text.SPLL_init_160MHz
                0x000004d8       0x64 ./src/clocks.o
                0x000004d8                SPLL_init_160MHz
 .text.NormalRUNmode_80MHz
                0x0000053c       0x2c ./src/clocks.o
                0x0000053c                NormalRUNmode_80MHz
 .text.Configuring
                0x00000568       0x68 ./src/WindowLifter_State.o
                0x00000568                Configuring
 .text.ButtonValid
                0x000005d0        0xc ./src/WindowLifter_State.o
                0x000005d0                ButtonValid
 .text.SendBajar
                0x000005dc        0xc ./src/WindowLifter_State.o
                0x000005dc                SendBajar
 .text.SendSubir
                0x000005e8        0xc ./src/WindowLifter_State.o
                0x000005e8                SendSubir
 .text.MessageValid
                0x000005f4        0xc ./src/WindowLifter_State.o
                0x000005f4                MessageValid
 .text.Error    0x00000600        0xc ./src/WindowLifter_State.o
                0x00000600                Error
 .text.Wait     0x0000060c        0xc ./src/WindowLifter_State.o
                0x0000060c                Wait
 .text.WindowLifter
                0x00000618       0x80 ./src/WindowLifter.o
                0x00000618                WindowLifter
 .text.config_CLOCKS
                0x00000698       0x1c ./src/S_Configurations.o
                0x00000698                config_CLOCKS
 .text.config_SPI
                0x000006b4       0x10 ./src/S_Configurations.o
                0x000006b4                config_SPI
 .text.config_TIMER
                0x000006c4       0x10 ./src/S_Configurations.o
                0x000006c4                config_TIMER
 .text.config_PORTS
                0x000006d4       0x10 ./src/S_Configurations.o
                0x000006d4                config_PORTS
 .text.LPSPI1_v_Initialization
                0x000006e4       0x64 ./src/SPI1.o
                0x000006e4                LPSPI1_v_Initialization
 .text.LPSPI1_v_Send_8_bits_Data
                0x00000748       0x38 ./src/SPI1.o
                0x00000748                LPSPI1_v_Send_8_bits_Data
 .text.LPSPI1_v_Receive_16bits_Data
                0x00000780       0x3c ./src/SPI1.o
                0x00000780                LPSPI1_v_Receive_16bits_Data
 .text.PORT_v_InitializeSPI_Pins
                0x000007bc       0x54 ./src/GPIO.o
                0x000007bc                PORT_v_InitializeSPI_Pins
 .text.SystemInit
                0x00000810       0x30 ./Project_Settings/Startup_Code/system_S32K144.o
                0x00000810                SystemInit
 .text.init_data_bss
                0x00000840      0x110 ./Project_Settings/Startup_Code/startup.o
                0x00000840                init_data_bss
 *(.rodata)
 *(.rodata*)
 *(.glue_7)
 .glue_7        0x00000000        0x0 linker stubs
 *(.glue_7t)
 .glue_7t       0x00000000        0x0 linker stubs
 *(.eh_frame)
 *(.init)
 *(.fini)
                0x00000950                . = ALIGN (0x4)

.vfp11_veneer   0x00000950        0x0
 .vfp11_veneer  0x00000000        0x0 linker stubs

.v4_bx          0x00000950        0x0
 .v4_bx         0x00000000        0x0 linker stubs

.iplt           0x00000950        0x0
 .iplt          0x00000000        0x0 C:/NXP/S32DS_ARM_v2018.R1/S32DS/arm_ewl2/lib/armv7e-m/__arm_start.o

.rel.dyn        0x00000950        0x0
 .rel.iplt      0x00000000        0x0 C:/NXP/S32DS_ARM_v2018.R1/S32DS/arm_ewl2/lib/armv7e-m/__arm_start.o

.ARM.extab
 *(.ARM.extab* .gnu.linkonce.armextab.*)

.ARM            0x00000950        0x0
                0x00000950                __exidx_start = .
 *(.ARM.exidx*)
                0x00000950                __exidx_end = .

.ctors          0x00000950        0x0
                0x00000950                __CTOR_LIST__ = .
 *crtbegin.o(.ctors)
 *crtbegin?.o(.ctors)
 *(EXCLUDE_FILE(*crtend.o *crtend?.o) .ctors)
 *(SORT(.ctors.*))
 *(.ctors)
                0x00000950                __CTOR_END__ = .

.dtors          0x00000950        0x0
                0x00000950                __DTOR_LIST__ = .
 *crtbegin.o(.dtors)
 *crtbegin?.o(.dtors)
 *(EXCLUDE_FILE(*crtend.o *crtend?.o) .dtors)
 *(SORT(.dtors.*))
 *(.dtors)
                0x00000950                __DTOR_END__ = .

.preinit_array  0x00000950        0x0
                0x00000950                PROVIDE (__preinit_array_start, .)
 *(.preinit_array*)
                0x00000950                PROVIDE (__preinit_array_end, .)

.init_array     0x00000950        0x0
                0x00000950                PROVIDE (__init_array_start, .)
 *(SORT(.init_array.*))
 *(.init_array*)
                0x00000950                PROVIDE (__init_array_end, .)

.fini_array     0x00000950        0x0
                0x00000950                PROVIDE (__fini_array_start, .)
 *(SORT(.fini_array.*))
 *(.fini_array*)
                0x00000950                PROVIDE (__fini_array_end, .)
                0x00000950                __etext = .
                0x00000950                __DATA_ROM = .

.interrupts_ram
                0x1fff8000      0x400
                0x1fff8000                . = ALIGN (0x4)
                0x1fff8000                __VECTOR_RAM__ = .
                0x1fff8000                __interrupts_ram_start__ = .
 *(.m_interrupts_ram)
                0x1fff8400                . = (. + M_VECTOR_RAM_SIZE)
 *fill*         0x1fff8000      0x400 
                0x1fff8400                . = ALIGN (0x4)
                0x1fff8400                __interrupts_ram_end__ = .
                0x1fff8000                __VECTOR_RAM = DEFINED (__flash_vector_table__)?ORIGIN (m_interrupts):__VECTOR_RAM__
                0x00000400                __RAM_VECTOR_TABLE_SIZE = DEFINED (__flash_vector_table__)?0x0:(__interrupts_ram_end__ - __interrupts_ram_start__)

.data           0x1fff8400        0x0 load address 0x00000950
                0x1fff8400                . = ALIGN (0x4)
                0x1fff8400                __DATA_RAM = .
                0x1fff8400                __data_start__ = .
 *(.data)
 *(.data*)
 *(.jcr*)
                0x1fff8400                . = ALIGN (0x4)
                0x1fff8400                __data_end__ = .
                0x00000950                __DATA_END = (__DATA_ROM + (__data_end__ - __data_start__))
                0x00000950                __CODE_ROM = __DATA_END

.igot.plt       0x1fff8400        0x0
 .igot.plt      0x00000000        0x0 C:/NXP/S32DS_ARM_v2018.R1/S32DS/arm_ewl2/lib/armv7e-m/__arm_start.o

.code           0x1fff8400        0x0 load address 0x00000950
                0x1fff8400                . = ALIGN (0x4)
                0x1fff8400                __CODE_RAM = .
                0x1fff8400                __code_start__ = .
 *(.code_ram)
                0x1fff8400                . = ALIGN (0x4)
                0x1fff8400                __code_end__ = .
                0x00000950                __CODE_END = (__CODE_ROM + (__code_end__ - __code_start__))

.customSectionBlock
 *(.customSection)

.bss            0x20000000        0x4
                0x20000000                . = ALIGN (0x4)
                0x20000000                __BSS_START = .
                0x20000000                __bss_start__ = .
 *(.bss)
 *(.bss*)
 .bss.State     0x20000000        0x1 ./src/WindowLifter.o
                0x20000000                State
 *(COMMON)
 *fill*         0x20000001        0x1 
 COMMON         0x20000002        0x2 ./src/WindowLifter.o
                0x20000002                LPSPI1_16bits_read
                0x20000004                . = ALIGN (0x4)
                0x20000004                __bss_end__ = .
                0x20000004                __BSS_END = .

.heap           0x20000004      0x404
                0x20000008                . = ALIGN (0x8)
 *fill*         0x20000004        0x4 
                0x20000008                __end__ = .
                0x20000008                PROVIDE (end, .)
                0x20000008                PROVIDE (_end, .)
                0x20000008                PROVIDE (__end, .)
                0x20000008                __HeapBase = .
                0x20000408                . = (. + HEAP_SIZE)
 *fill*         0x20000008      0x400 
                0x20000408                __HeapLimit = .
                0x20000408                __heap_limit = .

.stack          0x20000408      0x400
                0x20000408                . = ALIGN (0x8)
                0x20000808                . = (. + STACK_SIZE)
 *fill*         0x20000408      0x400 
                0x20007000                __StackTop = (ORIGIN (m_data_2) + 0x7000)
                0x20006c00                __StackLimit = (__StackTop - STACK_SIZE)
                0x20007000                PROVIDE (__stack, __StackTop)

.ARM.attributes
                0x00000000       0x31
 *(.ARM.attributes)
 .ARM.attributes
                0x00000000       0x33 ./src/main.o
 .ARM.attributes
                0x00000033       0x33 ./src/clocks.o
 .ARM.attributes
                0x00000066       0x33 ./src/WindowLifter_State.o
 .ARM.attributes
                0x00000099       0x33 ./src/WindowLifter.o
 .ARM.attributes
                0x000000cc       0x33 ./src/S_Configurations.o
 .ARM.attributes
                0x000000ff       0x33 ./src/SPI1.o
 .ARM.attributes
                0x00000132       0x33 ./src/GPIO.o
 .ARM.attributes
                0x00000165       0x33 ./Project_Settings/Startup_Code/system_S32K144.o
 .ARM.attributes
                0x00000198       0x1b ./Project_Settings/Startup_Code/startup_S32K144.o
 .ARM.attributes
                0x000001b3       0x33 ./Project_Settings/Startup_Code/startup.o
                0x00000001                ASSERT ((__StackLimit >= __HeapLimit), region m_data_2 overflowed with stack and heap)
OUTPUT(Intento1.elf elf32-littlearm)

.debug_info     0x00000000     0x140f
 .debug_info    0x00000000       0x8c ./src/main.o
 .debug_info    0x0000008c      0x2c3 ./src/clocks.o
 .debug_info    0x0000034f      0x133 ./src/WindowLifter_State.o
 .debug_info    0x00000482       0xa8 ./src/WindowLifter.o
 .debug_info    0x0000052a       0x9d ./src/S_Configurations.o
 .debug_info    0x000005c7      0x2ac ./src/SPI1.o
 .debug_info    0x00000873      0x1dc ./src/GPIO.o
 .debug_info    0x00000a4f      0x500 ./Project_Settings/Startup_Code/system_S32K144.o
 .debug_info    0x00000f4f       0xa3 ./Project_Settings/Startup_Code/startup_S32K144.o
 .debug_info    0x00000ff2      0x41d ./Project_Settings/Startup_Code/startup.o

.debug_abbrev   0x00000000      0x6b4
 .debug_abbrev  0x00000000       0x47 ./src/main.o
 .debug_abbrev  0x00000047       0xcf ./src/clocks.o
 .debug_abbrev  0x00000116       0x95 ./src/WindowLifter_State.o
 .debug_abbrev  0x000001ab       0x6e ./src/WindowLifter.o
 .debug_abbrev  0x00000219       0x6e ./src/S_Configurations.o
 .debug_abbrev  0x00000287      0x125 ./src/SPI1.o
 .debug_abbrev  0x000003ac       0xdb ./src/GPIO.o
 .debug_abbrev  0x00000487      0x118 ./Project_Settings/Startup_Code/system_S32K144.o
 .debug_abbrev  0x0000059f       0x14 ./Project_Settings/Startup_Code/startup_S32K144.o
 .debug_abbrev  0x000005b3      0x101 ./Project_Settings/Startup_Code/startup.o

.debug_aranges  0x00000000      0x1d8
 .debug_aranges
                0x00000000       0x20 ./src/main.o
 .debug_aranges
                0x00000020       0x38 ./src/clocks.o
 .debug_aranges
                0x00000058       0x58 ./src/WindowLifter_State.o
 .debug_aranges
                0x000000b0       0x20 ./src/WindowLifter.o
 .debug_aranges
                0x000000d0       0x38 ./src/S_Configurations.o
 .debug_aranges
                0x00000108       0x38 ./src/SPI1.o
 .debug_aranges
                0x00000140       0x28 ./src/GPIO.o
 .debug_aranges
                0x00000168       0x30 ./Project_Settings/Startup_Code/system_S32K144.o
 .debug_aranges
                0x00000198       0x20 ./Project_Settings/Startup_Code/startup_S32K144.o
 .debug_aranges
                0x000001b8       0x20 ./Project_Settings/Startup_Code/startup.o

.debug_ranges   0x00000000      0x128
 .debug_ranges  0x00000000       0x10 ./src/main.o
 .debug_ranges  0x00000010       0x28 ./src/clocks.o
 .debug_ranges  0x00000038       0x48 ./src/WindowLifter_State.o
 .debug_ranges  0x00000080       0x10 ./src/WindowLifter.o
 .debug_ranges  0x00000090       0x28 ./src/S_Configurations.o
 .debug_ranges  0x000000b8       0x28 ./src/SPI1.o
 .debug_ranges  0x000000e0       0x18 ./src/GPIO.o
 .debug_ranges  0x000000f8       0x20 ./Project_Settings/Startup_Code/system_S32K144.o
 .debug_ranges  0x00000118       0x10 ./Project_Settings/Startup_Code/startup.o

.debug_macro    0x00000000    0x10d17
 .debug_macro   0x00000000       0xb9 ./src/main.o
 .debug_macro   0x000000b9      0x868 ./src/main.o
 .debug_macro   0x00000921       0x52 ./src/main.o
 .debug_macro   0x00000973       0xa0 ./src/main.o
 .debug_macro   0x00000a13       0x16 ./src/main.o
 .debug_macro   0x00000a29       0x19 ./src/main.o
 .debug_macro   0x00000a42       0x64 ./src/main.o
 .debug_macro   0x00000aa6      0x185 ./src/main.o
 .debug_macro   0x00000c2b      0x140 ./src/main.o
 .debug_macro   0x00000d6b       0x9d ./src/main.o
 .debug_macro   0x00000e08       0x10 ./src/main.o
 .debug_macro   0x00000e18      0x15b ./src/main.o
 .debug_macro   0x00000f73       0x28 ./src/main.o
 .debug_macro   0x00000f9b       0x58 ./src/main.o
 .debug_macro   0x00000ff3     0xecad ./src/main.o
 .debug_macro   0x0000fca0       0x16 ./src/main.o
 .debug_macro   0x0000fcb6       0xb0 ./src/clocks.o
 .debug_macro   0x0000fd66       0x57 ./src/WindowLifter_State.o
 .debug_macro   0x0000fdbd       0x4a ./src/WindowLifter.o
 .debug_macro   0x0000fe07       0x3f ./src/S_Configurations.o
 .debug_macro   0x0000fe46      0x146 ./src/SPI1.o
 .debug_macro   0x0000ff8c       0xd8 ./src/GPIO.o
 .debug_macro   0x00010064       0xe9 ./Project_Settings/Startup_Code/system_S32K144.o
 .debug_macro   0x0001014d       0x10 ./Project_Settings/Startup_Code/system_S32K144.o
 .debug_macro   0x0001015d       0x6d ./Project_Settings/Startup_Code/system_S32K144.o
 .debug_macro   0x000101ca      0xa19 ./Project_Settings/Startup_Code/system_S32K144.o
 .debug_macro   0x00010be3       0x22 ./Project_Settings/Startup_Code/system_S32K144.o
 .debug_macro   0x00010c05       0x28 ./Project_Settings/Startup_Code/system_S32K144.o
 .debug_macro   0x00010c2d       0xea ./Project_Settings/Startup_Code/startup.o

.debug_line     0x00000000     0x123b
 .debug_line    0x00000000      0x1f2 ./src/main.o
 .debug_line    0x000001f2      0x23d ./src/clocks.o
 .debug_line    0x0000042f      0x1cf ./src/WindowLifter_State.o
 .debug_line    0x000005fe      0x145 ./src/WindowLifter.o
 .debug_line    0x00000743      0x163 ./src/S_Configurations.o
 .debug_line    0x000008a6      0x1f5 ./src/SPI1.o
 .debug_line    0x00000a9b      0x1ef ./src/GPIO.o
 .debug_line    0x00000c8a      0x2b2 ./Project_Settings/Startup_Code/system_S32K144.o
 .debug_line    0x00000f3c       0x83 ./Project_Settings/Startup_Code/startup_S32K144.o
 .debug_line    0x00000fbf      0x27c ./Project_Settings/Startup_Code/startup.o

.debug_str      0x00000000    0x695e9
 .debug_str     0x00000000    0x63403 ./src/main.o
                              0x63493 (size before relaxing)
 .debug_str     0x00063403      0x142 ./src/clocks.o
                              0x63591 (size before relaxing)
 .debug_str     0x00063545       0xd0 ./src/WindowLifter_State.o
                               0x2aa0 (size before relaxing)
 .debug_str     0x00063615       0x3f ./src/WindowLifter.o
                               0x2a3b (size before relaxing)
 .debug_str     0x00063654       0x4d ./src/S_Configurations.o
                               0x29da (size before relaxing)
 .debug_str     0x000636a1      0x666 ./src/SPI1.o
                              0x63acf (size before relaxing)
 .debug_str     0x00063d07      0x156 ./src/GPIO.o
                              0x635e3 (size before relaxing)
 .debug_str     0x00063e5d     0x565d ./Project_Settings/Startup_Code/system_S32K144.o
                              0x68b99 (size before relaxing)
 .debug_str     0x000694ba      0x12f ./Project_Settings/Startup_Code/startup.o
                              0x68acf (size before relaxing)

.comment        0x00000000       0x70
 .comment       0x00000000       0x70 ./src/main.o
                                 0x71 (size before relaxing)
 .comment       0x00000000       0x71 ./src/clocks.o
 .comment       0x00000000       0x71 ./src/WindowLifter_State.o
 .comment       0x00000000       0x71 ./src/WindowLifter.o
 .comment       0x00000000       0x71 ./src/S_Configurations.o
 .comment       0x00000000       0x71 ./src/SPI1.o
 .comment       0x00000000       0x71 ./src/GPIO.o
 .comment       0x00000000       0x71 ./Project_Settings/Startup_Code/system_S32K144.o
 .comment       0x00000000       0x71 ./Project_Settings/Startup_Code/startup.o

.debug_frame    0x00000000      0x428
 .debug_frame   0x00000000       0x2c ./src/main.o
 .debug_frame   0x0000002c       0x90 ./src/clocks.o
 .debug_frame   0x000000bc      0x114 ./src/WindowLifter_State.o
 .debug_frame   0x000001d0       0x2c ./src/WindowLifter.o
 .debug_frame   0x000001fc       0x84 ./src/S_Configurations.o
 .debug_frame   0x00000280       0xa0 ./src/SPI1.o
 .debug_frame   0x00000320       0x50 ./src/GPIO.o
 .debug_frame   0x00000370       0x80 ./Project_Settings/Startup_Code/system_S32K144.o
 .debug_frame   0x000003f0       0x38 ./Project_Settings/Startup_Code/startup.o
