Archive member included because of file (symbol)

C:/NXP/S32DS_ARM_v2018.R1/S32DS/arm_ewl2/lib/armv7e-m\libc99.a(exit.o)
                              C:/NXP/S32DS_ARM_v2018.R1/S32DS/arm_ewl2/lib/armv7e-m/__arm_start.o (exit)
C:/NXP/S32DS_ARM_v2018.R1/S32DS/arm_ewl2/lib/armv7e-m\libc99.a(memset.o)
                              C:/NXP/S32DS_ARM_v2018.R1/S32DS/arm_ewl2/lib/armv7e-m/__arm_start.o (memset)
C:/NXP/S32DS_ARM_v2018.R1/S32DS/arm_ewl2/lib/armv7e-m\libc99.a(__filll_mem.o)
                              C:/NXP/S32DS_ARM_v2018.R1/S32DS/arm_ewl2/lib/armv7e-m\libc99.a(memset.o) (__fill_mem)
C:/NXP/S32DS_ARM_v2018.R1/S32DS/arm_ewl2/lib/armv7e-m\librt.a(gcc_ctor_dtor.o)
                              C:/NXP/S32DS_ARM_v2018.R1/S32DS/arm_ewl2/lib/armv7e-m/__arm_start.o (__init_cpp)
C:/NXP/S32DS_ARM_v2018.R1/S32DS/arm_ewl2/lib/armv7e-m\librt.a(__arm_eabi_init.o)
                              C:/NXP/S32DS_ARM_v2018.R1/S32DS/arm_ewl2/lib/armv7e-m\libc99.a(exit.o) (__destroy_global_chain)
C:/NXP/S32DS_ARM_v2018.R1/S32DS/arm_ewl2/lib/armv7e-m\librt.a(ROMCopy.o)
                              C:/NXP/S32DS_ARM_v2018.R1/S32DS/arm_ewl2/lib/armv7e-m/__arm_start.o (__copy_rom_sections_to_ram)

Allocating common symbols
Common symbol       size              file

g_xtal0ClkFreq      0x4               ./SDK/platform/drivers/src/clock/S32K1xx/clock_S32K1xx.o
g_RtcClkInFreq      0x4               ./SDK/platform/drivers/src/clock/S32K1xx/clock_S32K1xx.o
g_TClkFreq          0xc               ./SDK/platform/drivers/src/clock/S32K1xx/clock_S32K1xx.o

Discarded input sections

 .text          0x00000000        0x0 C:/NXP/S32DS_ARM_v2018.R1/S32DS/arm_ewl2/lib/armv7e-m/__arm_start.o
 .data          0x00000000        0x0 C:/NXP/S32DS_ARM_v2018.R1/S32DS/arm_ewl2/lib/armv7e-m/__arm_start.o
 .bss           0x00000000        0x0 C:/NXP/S32DS_ARM_v2018.R1/S32DS/arm_ewl2/lib/armv7e-m/__arm_start.o
 .text.__thumb_startup
                0x00000000       0x3c C:/NXP/S32DS_ARM_v2018.R1/S32DS/arm_ewl2/lib/armv7e-m/__arm_start.o
 .text.__iar_program_start
                0x00000000        0x4 C:/NXP/S32DS_ARM_v2018.R1/S32DS/arm_ewl2/lib/armv7e-m/__arm_start.o
 .bss.argv      0x00000000        0x4 C:/NXP/S32DS_ARM_v2018.R1/S32DS/arm_ewl2/lib/armv7e-m/__arm_start.o
 .debug_info    0x00000000      0x144 C:/NXP/S32DS_ARM_v2018.R1/S32DS/arm_ewl2/lib/armv7e-m/__arm_start.o
 .debug_abbrev  0x00000000       0xc0 C:/NXP/S32DS_ARM_v2018.R1/S32DS/arm_ewl2/lib/armv7e-m/__arm_start.o
 .debug_aranges
                0x00000000       0x28 C:/NXP/S32DS_ARM_v2018.R1/S32DS/arm_ewl2/lib/armv7e-m/__arm_start.o
 .debug_line    0x00000000       0x68 C:/NXP/S32DS_ARM_v2018.R1/S32DS/arm_ewl2/lib/armv7e-m/__arm_start.o
 .debug_str     0x00000000      0x270 C:/NXP/S32DS_ARM_v2018.R1/S32DS/arm_ewl2/lib/armv7e-m/__arm_start.o
 .comment       0x00000000       0x71 C:/NXP/S32DS_ARM_v2018.R1/S32DS/arm_ewl2/lib/armv7e-m/__arm_start.o
 .debug_frame   0x00000000       0x30 C:/NXP/S32DS_ARM_v2018.R1/S32DS/arm_ewl2/lib/armv7e-m/__arm_start.o
 .ARM.attributes
                0x00000000       0x33 C:/NXP/S32DS_ARM_v2018.R1/S32DS/arm_ewl2/lib/armv7e-m/__arm_start.o
 .group         0x00000000        0x8 ./Sources/main.o
 .group         0x00000000        0x8 ./Sources/main.o
 .group         0x00000000        0x8 ./Sources/main.o
 .group         0x00000000        0x8 ./Sources/main.o
 .group         0x00000000        0x8 ./Sources/main.o
 .group         0x00000000        0x8 ./Sources/main.o
 .group         0x00000000        0x8 ./Sources/main.o
 .group         0x00000000        0x8 ./Sources/main.o
 .group         0x00000000        0x8 ./Sources/main.o
 .group         0x00000000        0x8 ./Sources/main.o
 .group         0x00000000        0x8 ./Sources/main.o
 .group         0x00000000        0x8 ./Sources/main.o
 .group         0x00000000        0x8 ./Sources/main.o
 .group         0x00000000        0x8 ./Sources/main.o
 .group         0x00000000        0x8 ./Sources/main.o
 .group         0x00000000        0x8 ./Sources/main.o
 .group         0x00000000        0x8 ./Sources/main.o
 .group         0x00000000        0x8 ./Sources/main.o
 .group         0x00000000        0x8 ./Sources/main.o
 .group         0x00000000        0x8 ./Sources/main.o
 .group         0x00000000        0x8 ./Sources/main.o
 .group         0x00000000        0x8 ./Sources/main.o
 .group         0x00000000        0x8 ./Sources/main.o
 .group         0x00000000        0x8 ./Sources/main.o
 .group         0x00000000        0x8 ./Sources/main.o
 .text          0x00000000        0x0 ./Sources/main.o
 .data          0x00000000        0x0 ./Sources/main.o
 .bss           0x00000000        0x0 ./Sources/main.o
 .bss.windowPosition
                0x00000000        0x1 ./Sources/main.o
 .bss.windowMovement
                0x00000000        0x1 ./Sources/main.o
 .bss.antiPinchFlag
                0x00000000        0x1 ./Sources/main.o
[...]
Memory Configuration

Name             Origin             Length             Attributes
m_interrupts     0x00000000         0x00000400         xr
m_flash_config   0x00000400         0x00000010         xr
m_text           0x00000410         0x0007fbf0         xr
m_data           0x1fff8000         0x00008000         rw
m_data_2         0x20000000         0x00007000         rw
*default*        0x00000000         0xffffffff

Linker script and memory map

LOAD C:/NXP/S32DS_ARM_v2018.R1/S32DS/arm_ewl2/lib/armv7e-m/__arm_start.o
LOAD ./Sources/main.o
LOAD ./SDK/platform/drivers/src/pins/pins_port_hw_access.o
LOAD ./SDK/platform/drivers/src/pins/pins_driver.o
LOAD ./SDK/platform/drivers/src/interrupt/interrupt_manager.o
LOAD ./SDK/platform/drivers/src/clock/clock_manager.o
LOAD ./SDK/platform/drivers/src/clock/S32K1xx/clock_S32K1xx.o
LOAD ./SDK/platform/devices/startup.o
LOAD ./SDK/platform/devices/S32K144/startup/system_S32K144.o
LOAD ./Project_Settings/Startup_Code/startup_S32K144.o
LOAD ./Generated_Code/window.o
LOAD ./Generated_Code/timer.o
LOAD ./Generated_Code/pin_mux.o
LOAD ./Generated_Code/gpio.o
LOAD ./Generated_Code/clockMan1.o
LOAD ./Generated_Code/clock.o
LOAD ./Generated_Code/LPSPI1.o
LOAD ./Generated_Code/Cpu.o
START GROUP
LOAD C:/NXP/S32DS_ARM_v2018.R1/S32DS/arm_ewl2/lib/armv7e-m\libc99.a
LOAD C:/NXP/S32DS_ARM_v2018.R1/S32DS/arm_ewl2/lib/armv7e-m\libm.a
LOAD c:/nxp/s32ds_arm_v2018.r1/cross_tools/gcc-arm-none-eabi-4_9/bin/../lib/gcc/arm-none-eabi/4.9.3/armv7e-m\libgcc.a
LOAD C:/NXP/S32DS_ARM_v2018.R1/S32DS/arm_ewl2/lib/armv7e-m\librt.a
LOAD C:/NXP/S32DS_ARM_v2018.R1/S32DS/arm_ewl2/lib/armv7e-m\libnoio.a
END GROUP
LOAD C:/NXP/S32DS_ARM_v2018.R1/S32DS/arm_ewl2/lib/armv7e-m/__arm_end.o
                0x00000400                HEAP_SIZE = DEFINED (__heap_size__)?__heap_size__:0x400
                0x00000400                STACK_SIZE = DEFINED (__stack_size__)?__stack_size__:0x400
                0x00000400                M_VECTOR_RAM_SIZE = DEFINED (__flash_vector_table__)?0x0:0x400

.interrupts     0x00000000      0x400
                0x00000000                __VECTOR_TABLE = .
                0x00000000                . = ALIGN (0x4)
 *(.isr_vector)
 .isr_vector    0x00000000      0x400 ./Project_Settings/Startup_Code/startup_S32K144.o
                0x00000000                __isr_vector
                0x00000400                . = ALIGN (0x4)

.flash_config   0x00000400       0x10
                0x00000400                . = ALIGN (0x4)
 *(.FlashConfig)
 .FlashConfig   0x00000400       0x10 ./Project_Settings/Startup_Code/startup_S32K144.o
                0x00000410                . = ALIGN (0x4)

.text           0x00000410      0x9e4
                0x00000410                . = ALIGN (0x4)
 *(.text)
 .text          0x00000410       0x44 ./Project_Settings/Startup_Code/startup_S32K144.o
                0x00000410                Reset_Handler
                0x00000450                DebugMon_Handler
                0x00000450                Reserved88_IRQHandler
                0x00000450                CAN0_ORed_IRQHandler
                0x00000450                HardFault_Handler
                0x00000450                Reserved86_IRQHandler
                0x00000450                Reserved103_IRQHandler
                0x00000450                SysTick_Handler
                0x00000450                FTM2_Ovf_Reload_IRQHandler
                0x00000450                Reserved50_IRQHandler
                0x00000450                FTFC_Fault_IRQHandler
                0x00000450                FTM0_Ch6_Ch7_IRQHandler
                0x00000450                Reserved114_IRQHandler
                0x00000450                PendSV_Handler
                0x00000450                NMI_Handler
                0x00000450                Reserved89_IRQHandler
                0x00000450                ERM_double_fault_IRQHandler
                0x00000450                DMA2_IRQHandler
                0x00000450                Reserved59_IRQHandler
                0x00000450                LPIT0_Ch0_IRQHandler
                0x00000450                Reserved99_IRQHandler
                0x00000450                FTM3_Ch6_Ch7_IRQHandler
                0x00000450                CAN2_ORed_0_15_MB_IRQHandler
                0x00000450                LPIT0_Ch3_IRQHandler
                0x00000450                Reserved92_IRQHandler
                0x00000450                FTM0_Ch4_Ch5_IRQHandler
                0x00000450                CAN1_Error_IRQHandler
                0x00000450                FTM3_Ch0_Ch1_IRQHandler
                0x00000450                SWI_IRQHandler
                0x00000450                ADC0_IRQHandler
                0x00000450                FTM2_Ch4_Ch5_IRQHandler
                0x00000450                UsageFault_Handler
                0x00000450                FTM0_Ovf_Reload_IRQHandler
                0x00000450                DefaultISR
                0x00000450                DMA9_IRQHandler
                0x00000450                Reserved58_IRQHandler
                0x00000450                CAN1_ORed_0_15_MB_IRQHandler
                0x00000450                FTM1_Ch2_Ch3_IRQHandler
                0x00000450                DMA14_IRQHandler
                0x00000450                Reserved82_IRQHandler
                0x00000450                CAN0_ORed_16_31_MB_IRQHandler
                0x00000450                LPI2C0_Slave_IRQHandler
                0x00000450                Reserved71_IRQHandler
                0x00000450                PORTD_IRQHandler
                0x00000450                Reserved69_IRQHandler
                0x00000450                PORTB_IRQHandler
                0x00000450                Reserved70_IRQHandler
                0x00000450                ADC1_IRQHandler
                0x00000450                FTM2_Ch2_Ch3_IRQHandler
                0x00000450                Reserved53_IRQHandler
                0x00000450                DMA5_IRQHandler
                0x00000450                RTC_IRQHandler
                0x00000450                PDB0_IRQHandler
                0x00000450                Reserved54_IRQHandler
                0x00000450                FTM2_Ch6_Ch7_IRQHandler
                0x00000450                FTM3_Ch2_Ch3_IRQHandler
                0x00000450                FTM2_Ch0_Ch1_IRQHandler
                0x00000450                LPSPI1_IRQHandler
                0x00000450                LPUART1_RxTx_IRQHandler
                0x00000450                RTC_Seconds_IRQHandler
                0x00000450                CAN2_ORed_IRQHandler
                0x00000450                Reserved72_IRQHandler
                0x00000450                Reserved110_IRQHandler
                0x00000450                DMA11_IRQHandler
                0x00000450                Reserved107_IRQHandler
                0x00000450                Read_Collision_IRQHandler
                0x00000450                CAN2_Error_IRQHandler
                0x00000450                FTFC_IRQHandler
                0x00000450                DMA7_IRQHandler
                0x00000450                FTM1_Ch6_Ch7_IRQHandler
                0x00000450                Reserved105_IRQHandler
                0x00000450                LPIT0_Ch1_IRQHandler
                0x00000450                FTM1_Ch4_Ch5_IRQHandler
                0x00000450                FTM3_Ovf_Reload_IRQHandler
                0x00000450                LPUART2_RxTx_IRQHandler
                0x00000450                LPSPI0_IRQHandler
                0x00000450                WDOG_EWM_IRQHandler
                0x00000450                MemManage_Handler
                0x00000450                Reserved90_IRQHandler
                0x00000450                Reserved83_IRQHandler
                0x00000450                FTM0_Fault_IRQHandler
                0x00000450                Reserved48_IRQHandler
                0x00000450                SVC_Handler
                0x00000450                ERM_single_fault_IRQHandler
                0x00000450                FTM2_Fault_IRQHandler
                0x00000450                FTM0_Ch2_Ch3_IRQHandler
                0x00000450                DMA13_IRQHandler
                0x00000450                FTM0_Ch0_Ch1_IRQHandler
                0x00000450                FTM3_Fault_IRQHandler
                0x00000450                RCM_IRQHandler
                0x00000450                DMA3_IRQHandler
                0x00000450                Reserved100_IRQHandler
                0x00000450                DMA0_IRQHandler
                0x00000450                Reserved91_IRQHandler
                0x00000450                CAN1_ORed_IRQHandler
                0x00000450                DMA15_IRQHandler
                0x00000450                SCG_IRQHandler
                0x00000450                PDB1_IRQHandler
                0x00000450                Reserved81_IRQHandler
                0x00000450                Reserved46_IRQHandler
                0x00000450                Reserved45_IRQHandler
                0x00000450                CAN0_Error_IRQHandler
                0x00000450                Reserved112_IRQHandler
                0x00000450                LPI2C0_Master_IRQHandler
                0x00000450                DMA4_IRQHandler
                0x00000450                FTM1_Fault_IRQHandler
                0x00000450                Reserved106_IRQHandler
                0x00000450                DMA_Error_IRQHandler
                0x00000450                LVD_LVW_IRQHandler
                0x00000450                LPIT0_Ch2_IRQHandler
                0x00000450                PORTA_IRQHandler
                0x00000450                MCM_IRQHandler
                0x00000450                LPSPI2_IRQHandler
                0x00000450                DMA12_IRQHandler
                0x00000450                FTM3_Ch4_Ch5_IRQHandler
                0x00000450                CAN0_ORed_0_15_MB_IRQHandler
                0x00000450                PORTE_IRQHandler
                0x00000450                LPUART0_RxTx_IRQHandler
                0x00000450                LPTMR0_IRQHandler
                0x00000450                BusFault_Handler
                0x00000450                Reserved87_IRQHandler
                0x00000450                FTM1_Ovf_Reload_IRQHandler
                0x00000450                DMA8_IRQHandler
                0x00000450                Reserved93_IRQHandler
                0x00000450                DMA10_IRQHandler
                0x00000450                CAN0_Wake_Up_IRQHandler
                0x00000450                CMP0_IRQHandler
                0x00000450                Reserved52_IRQHandler
                0x00000450                PORTC_IRQHandler
                0x00000450                DMA6_IRQHandler
                0x00000450                FTM1_Ch0_Ch1_IRQHandler
                0x00000450                FLEXIO_IRQHandler
                0x00000450                DMA1_IRQHandler
                0x00000450                Reserved113_IRQHandler
 *(.text*)
 .text.main     0x00000454       0xe4 ./Sources/main.o
                0x00000454                main
 .text.init_data_bss
                0x00000538      0x110 ./SDK/platform/devices/startup.o
                0x00000538                init_data_bss
 .text.SystemInit
                0x00000648       0x30 ./SDK/platform/devices/S32K144/startup/system_S32K144.o
                0x00000648                SystemInit
 .text.WINDOW_State_Initialize
                0x00000678      0x114 ./Generated_Code/window.o
                0x00000678                WINDOW_State_Initialize
 .text.GPIO_Clock_Set_Up
                0x0000078c       0x78 ./Generated_Code/gpio.o
                0x0000078c                GPIO_Clock_Set_Up
 .text.GPIO_Init_As_Input
                0x00000804      0x110 ./Generated_Code/gpio.o
                0x00000804                GPIO_Init_As_Input
 .text.GPIO_Init_As_Output
                0x00000914      0x104 ./Generated_Code/gpio.o
                0x00000914                GPIO_Init_As_Output
 .text.GPIO_Set_Off_Output
                0x00000a18       0xb8 ./Generated_Code/gpio.o
                0x00000a18                GPIO_Set_Off_Output
 .text.GPIO_Set_On_Output
                0x00000ad0       0xb8 ./Generated_Code/gpio.o
                0x00000ad0                GPIO_Set_On_Output
 .text.GPIO_Enable_Port_Interrupt
                0x00000b88       0x70 ./Generated_Code/gpio.o
                0x00000b88                GPIO_Enable_Port_Interrupt
 .text.CLOCK_SOSC_Init_8MHz
                0x00000bf8       0x4c ./Generated_Code/clock.o
                0x00000bf8                CLOCK_SOSC_Init_8MHz
 .text.CLOCK_SPLL_Init_160MHz
                0x00000c44       0x64 ./Generated_Code/clock.o
                0x00000c44                CLOCK_SPLL_Init_160MHz
 .text.CLOCK_Setup_80MHz
                0x00000ca8       0x2c ./Generated_Code/clock.o
                0x00000ca8                CLOCK_Setup_80MHz
 .text.CLOCK_Disable_Watchdog
                0x00000cd4       0x2c ./Generated_Code/clock.o
                0x00000cd4                CLOCK_Disable_Watchdog
 .text.PORT_v_InitializeSPI_Pins
                0x00000d00       0x54 ./Generated_Code/LPSPI1.o
                0x00000d00                PORT_v_InitializeSPI_Pins
 .text.LPSPI1_v_Initialization
                0x00000d54       0x64 ./Generated_Code/LPSPI1.o
                0x00000d54                LPSPI1_v_Initialization
 .text.LPSPI1_v_Receive_16bits_Data
                0x00000db8       0x3c ./Generated_Code/LPSPI1.o
                0x00000db8                LPSPI1_v_Receive_16bits_Data
 *(.rodata)
 *(.rodata*)
 *(.glue_7)
 .glue_7        0x00000000        0x0 linker stubs
 *(.glue_7t)
 .glue_7t       0x00000000        0x0 linker stubs
 *(.eh_frame)
 *(.init)
 *(.fini)
                0x00000df4                . = ALIGN (0x4)

.vfp11_veneer   0x00000df4        0x0
 .vfp11_veneer  0x00000000        0x0 linker stubs

.v4_bx          0x00000df4        0x0
 .v4_bx         0x00000000        0x0 linker stubs

.iplt           0x00000df4        0x0
 .iplt          0x00000000        0x0 C:/NXP/S32DS_ARM_v2018.R1/S32DS/arm_ewl2/lib/armv7e-m/__arm_start.o

.rel.dyn        0x00000df4        0x0
 .rel.iplt      0x00000000        0x0 C:/NXP/S32DS_ARM_v2018.R1/S32DS/arm_ewl2/lib/armv7e-m/__arm_start.o

.ARM.extab
 *(.ARM.extab* .gnu.linkonce.armextab.*)

.ARM            0x00000df4        0x0
                0x00000df4                __exidx_start = .
 *(.ARM.exidx*)
                0x00000df4                __exidx_end = .

.ctors          0x00000df4        0x0
                0x00000df4                __CTOR_LIST__ = .
 *crtbegin.o(.ctors)
 *crtbegin?.o(.ctors)
 *(EXCLUDE_FILE(*crtend.o *crtend?.o) .ctors)
 *(SORT(.ctors.*))
 *(.ctors)
                0x00000df4                __CTOR_END__ = .

.dtors          0x00000df4        0x0
                0x00000df4                __DTOR_LIST__ = .
 *crtbegin.o(.dtors)
 *crtbegin?.o(.dtors)
 *(EXCLUDE_FILE(*crtend.o *crtend?.o) .dtors)
 *(SORT(.dtors.*))
 *(.dtors)
                0x00000df4                __DTOR_END__ = .

.preinit_array  0x00000df4        0x0
                0x00000df4                PROVIDE (__preinit_array_start, .)
 *(.preinit_array*)
                0x00000df4                PROVIDE (__preinit_array_end, .)

.init_array     0x00000df4        0x0
                0x00000df4                PROVIDE (__init_array_start, .)
 *(SORT(.init_array.*))
 *(.init_array*)
                0x00000df4                PROVIDE (__init_array_end, .)

.fini_array     0x00000df4        0x0
                0x00000df4                PROVIDE (__fini_array_start, .)
 *(SORT(.fini_array.*))
 *(.fini_array*)
                0x00000df4                PROVIDE (__fini_array_end, .)
                0x00000df4                __etext = .
                0x00000df4                __DATA_ROM = .

.interrupts_ram
                0x1fff8000      0x400
                0x1fff8000                . = ALIGN (0x4)
                0x1fff8000                __VECTOR_RAM__ = .
                0x1fff8000                __interrupts_ram_start__ = .
 *(.m_interrupts_ram)
                0x1fff8400                . = (. + M_VECTOR_RAM_SIZE)
 *fill*         0x1fff8000      0x400 
                0x1fff8400                . = ALIGN (0x4)
                0x1fff8400                __interrupts_ram_end__ = .
                0x1fff8000                __VECTOR_RAM = DEFINED (__flash_vector_table__)?ORIGIN (m_interrupts):__VECTOR_RAM__
                0x00000400                __RAM_VECTOR_TABLE_SIZE = DEFINED (__flash_vector_table__)?0x0:(__interrupts_ram_end__ - __interrupts_ram_start__)

.data           0x1fff8400        0x0 load address 0x00000df4
                0x1fff8400                . = ALIGN (0x4)
                0x1fff8400                __DATA_RAM = .
                0x1fff8400                __data_start__ = .
 *(.data)
 *(.data*)
 *(.jcr*)
                0x1fff8400                . = ALIGN (0x4)
                0x1fff8400                __data_end__ = .
                0x00000df4                __DATA_END = (__DATA_ROM + (__data_end__ - __data_start__))
                0x00000df4                __CODE_ROM = __DATA_END

.igot.plt       0x1fff8400        0x0
 .igot.plt      0x00000000        0x0 C:/NXP/S32DS_ARM_v2018.R1/S32DS/arm_ewl2/lib/armv7e-m/__arm_start.o

.code           0x1fff8400        0x0 load address 0x00000df4
                0x1fff8400                . = ALIGN (0x4)
                0x1fff8400                __CODE_RAM = .
                0x1fff8400                __code_start__ = .
 *(.code_ram)
                0x1fff8400                . = ALIGN (0x4)
                0x1fff8400                __code_end__ = .
                0x00000df4                __CODE_END = (__CODE_ROM + (__code_end__ - __code_start__))

.customSectionBlock
 *(.customSection)

.bss            0x20000000        0x4
                0x20000000                . = ALIGN (0x4)
                0x20000000                __BSS_START = .
                0x20000000                __bss_start__ = .
 *(.bss)
 *(.bss*)
 .bss.LPSPI1_16bits_read
                0x20000000        0x2 ./Sources/main.o
                0x20000000                LPSPI1_16bits_read
 *(COMMON)
                0x20000004                . = ALIGN (0x4)
 *fill*         0x20000002        0x2 
                0x20000004                __bss_end__ = .
                0x20000004                __BSS_END = .

.heap           0x20000004      0x404
                0x20000008                . = ALIGN (0x8)
 *fill*         0x20000004        0x4 
                0x20000008                __end__ = .
                0x20000008                PROVIDE (end, .)
                0x20000008                PROVIDE (_end, .)
                0x20000008                PROVIDE (__end, .)
                0x20000008                __HeapBase = .
                0x20000408                . = (. + HEAP_SIZE)
 *fill*         0x20000008      0x400 
                0x20000408                __HeapLimit = .
                0x20000408                __heap_limit = .

.stack          0x20000408      0x400
                0x20000408                . = ALIGN (0x8)
                0x20000808                . = (. + STACK_SIZE)
 *fill*         0x20000408      0x400 
                0x20007000                __StackTop = (ORIGIN (m_data_2) + 0x7000)
                0x20006c00                __StackLimit = (__StackTop - STACK_SIZE)
                0x20007000                PROVIDE (__stack, __StackTop)

.ARM.attributes
                0x00000000       0x31
 *(.ARM.attributes)
 .ARM.attributes
                0x00000000       0x33 ./Sources/main.o
 .ARM.attributes
                0x00000033       0x33 ./SDK/platform/devices/startup.o
 .ARM.attributes
                0x00000066       0x33 ./SDK/platform/devices/S32K144/startup/system_S32K144.o
 .ARM.attributes
                0x00000099       0x1b ./Project_Settings/Startup_Code/startup_S32K144.o
 .ARM.attributes
                0x000000b4       0x33 ./Generated_Code/window.o
 .ARM.attributes
                0x000000e7       0x33 ./Generated_Code/gpio.o
 .ARM.attributes
                0x0000011a       0x33 ./Generated_Code/clock.o
 .ARM.attributes
                0x0000014d       0x33 ./Generated_Code/LPSPI1.o
                0x00000001                ASSERT ((__StackLimit >= __HeapLimit), region m_data_2 overflowed with stack and heap)
OUTPUT(WindowLifter.elf elf32-littlearm)

.debug_info     0x00000000     0x1b68
 .debug_info    0x00000000      0x2ca ./Sources/main.o
 .debug_info    0x000002ca      0x41d ./SDK/platform/devices/startup.o
 .debug_info    0x000006e7      0x500 ./SDK/platform/devices/S32K144/startup/system_S32K144.o
 .debug_info    0x00000be7       0xa5 ./Project_Settings/Startup_Code/startup_S32K144.o
 .debug_info    0x00000c8c       0x96 ./Generated_Code/window.o
 .debug_info    0x00000d22      0x80b ./Generated_Code/gpio.o
 .debug_info    0x0000152d      0x2c3 ./Generated_Code/clock.o
 .debug_info    0x000017f0      0x378 ./Generated_Code/LPSPI1.o

.debug_abbrev   0x00000000      0x61c
 .debug_abbrev  0x00000000       0x7b ./Sources/main.o
 .debug_abbrev  0x0000007b      0x101 ./SDK/platform/devices/startup.o
 .debug_abbrev  0x0000017c      0x118 ./SDK/platform/devices/S32K144/startup/system_S32K144.o
 .debug_abbrev  0x00000294       0x14 ./Project_Settings/Startup_Code/startup_S32K144.o
 .debug_abbrev  0x000002a8       0x45 ./Generated_Code/window.o
 .debug_abbrev  0x000002ed      0x157 ./Generated_Code/gpio.o
 .debug_abbrev  0x00000444       0xcf ./Generated_Code/clock.o
 .debug_abbrev  0x00000513      0x109 ./Generated_Code/LPSPI1.o

.debug_aranges  0x00000000      0x188
 .debug_aranges
                0x00000000       0x20 ./Sources/main.o
 .debug_aranges
                0x00000020       0x20 ./SDK/platform/devices/startup.o
 .debug_aranges
                0x00000040       0x30 ./SDK/platform/devices/S32K144/startup/system_S32K144.o
 .debug_aranges
                0x00000070       0x20 ./Project_Settings/Startup_Code/startup_S32K144.o
 .debug_aranges
                0x00000090       0x20 ./Generated_Code/window.o
 .debug_aranges
                0x000000b0       0x68 ./Generated_Code/gpio.o
 .debug_aranges
                0x00000118       0x38 ./Generated_Code/clock.o
 .debug_aranges
                0x00000150       0x38 ./Generated_Code/LPSPI1.o

.debug_ranges   0x00000000       0xf8
 .debug_ranges  0x00000000       0x10 ./Sources/main.o
 .debug_ranges  0x00000010       0x10 ./SDK/platform/devices/startup.o
 .debug_ranges  0x00000020       0x20 ./SDK/platform/devices/S32K144/startup/system_S32K144.o
 .debug_ranges  0x00000040       0x10 ./Generated_Code/window.o
 .debug_ranges  0x00000050       0x58 ./Generated_Code/gpio.o
 .debug_ranges  0x000000a8       0x28 ./Generated_Code/clock.o
 .debug_ranges  0x000000d0       0x28 ./Generated_Code/LPSPI1.o

.debug_macro    0x00000000    0x110b8
 .debug_macro   0x00000000      0x1c3 ./Sources/main.o
 .debug_macro   0x000001c3      0x868 ./Sources/main.o
 .debug_macro   0x00000a2b       0x52 ./Sources/main.o
 .debug_macro   0x00000a7d       0xa0 ./Sources/main.o
 .debug_macro   0x00000b1d       0x16 ./Sources/main.o
 .debug_macro   0x00000b33       0x10 ./Sources/main.o
 .debug_macro   0x00000b43       0x6d ./Sources/main.o
 .debug_macro   0x00000bb0       0x19 ./Sources/main.o
 .debug_macro   0x00000bc9       0x64 ./Sources/main.o
 .debug_macro   0x00000c2d      0x185 ./Sources/main.o
 .debug_macro   0x00000db2      0x140 ./Sources/main.o
 .debug_macro   0x00000ef2       0x9d ./Sources/main.o
 .debug_macro   0x00000f8f       0x10 ./Sources/main.o
 .debug_macro   0x00000f9f      0x15b ./Sources/main.o
 .debug_macro   0x000010fa       0x28 ./Sources/main.o
 .debug_macro   0x00001122       0x58 ./Sources/main.o
 .debug_macro   0x0000117a     0xecad ./Sources/main.o
 .debug_macro   0x0000fe27      0xa20 ./Sources/main.o
 .debug_macro   0x00010847       0x22 ./Sources/main.o
 .debug_macro   0x00010869       0x71 ./Sources/main.o
 .debug_macro   0x000108da       0x28 ./Sources/main.o
 .debug_macro   0x00010902       0x16 ./Sources/main.o
 .debug_macro   0x00010918       0x16 ./Sources/main.o
 .debug_macro   0x0001092e       0x16 ./Sources/main.o
 .debug_macro   0x00010944       0x16 ./Sources/main.o
 .debug_macro   0x0001095a      0x106 ./Sources/main.o
 .debug_macro   0x00010a60       0xeb ./SDK/platform/devices/startup.o
 .debug_macro   0x00010b4b       0xea ./SDK/platform/devices/S32K144/startup/system_S32K144.o
 .debug_macro   0x00010c35      0x1bf ./Generated_Code/window.o
 .debug_macro   0x00010df4       0xb0 ./Generated_Code/gpio.o
 .debug_macro   0x00010ea4       0xb0 ./Generated_Code/clock.o
 .debug_macro   0x00010f54      0x164 ./Generated_Code/LPSPI1.o

.debug_line     0x00000000     0x192d
 .debug_line    0x00000000      0x553 ./Sources/main.o
 .debug_line    0x00000553      0x270 ./SDK/platform/devices/startup.o
 .debug_line    0x000007c3      0x364 ./SDK/platform/devices/S32K144/startup/system_S32K144.o
 .debug_line    0x00000b27       0x83 ./Project_Settings/Startup_Code/startup_S32K144.o
 .debug_line    0x00000baa      0x519 ./Generated_Code/window.o
 .debug_line    0x000010c3      0x376 ./Generated_Code/gpio.o
 .debug_line    0x00001439      0x2aa ./Generated_Code/clock.o
 .debug_line    0x000016e3      0x24a ./Generated_Code/LPSPI1.o

.debug_str      0x00000000    0x6a3dc
 .debug_str     0x00000000    0x6912a ./Sources/main.o
                              0x693ff (size before relaxing)
 .debug_str     0x0006912a      0x21e ./SDK/platform/devices/startup.o
                              0x68aeb (size before relaxing)
 .debug_str     0x00069348      0x172 ./SDK/platform/devices/S32K144/startup/system_S32K144.o
                              0x68bc5 (size before relaxing)
 .debug_str     0x000694ba       0x33 ./Generated_Code/window.o
                              0x6900c (size before relaxing)
 .debug_str     0x000694ed      0x77e ./Generated_Code/gpio.o
                              0x63c37 (size before relaxing)
 .debug_str     0x00069c6b       0x6f ./Generated_Code/clock.o
                              0x635b1 (size before relaxing)
 .debug_str     0x00069cda      0x702 ./Generated_Code/LPSPI1.o
                              0x63bfc (size before relaxing)

.comment        0x00000000       0x70
 .comment       0x00000000       0x70 ./Sources/main.o
                                 0x71 (size before relaxing)
 .comment       0x00000000       0x71 ./SDK/platform/devices/startup.o
 .comment       0x00000000       0x71 ./SDK/platform/devices/S32K144/startup/system_S32K144.o
 .comment       0x00000000       0x71 ./Generated_Code/window.o
 .comment       0x00000000       0x71 ./Generated_Code/gpio.o
 .comment       0x00000000       0x71 ./Generated_Code/clock.o
 .comment       0x00000000       0x71 ./Generated_Code/LPSPI1.o

.debug_frame    0x00000000      0x3e0
 .debug_frame   0x00000000       0x2c ./Sources/main.o
 .debug_frame   0x0000002c       0x38 ./SDK/platform/devices/startup.o
 .debug_frame   0x00000064       0x80 ./SDK/platform/devices/S32K144/startup/system_S32K144.o
 .debug_frame   0x000000e4       0x2c ./Generated_Code/window.o
 .debug_frame   0x00000110      0x1a0 ./Generated_Code/gpio.o
 .debug_frame   0x000002b0       0x90 ./Generated_Code/clock.o
 .debug_frame   0x00000340       0xa0 ./Generated_Code/LPSPI1.o
