Archive member included because of file (symbol)

C:/NXP/S32DS_ARM_v2018.R1/S32DS/arm_ewl2/lib/armv7e-m\libc99.a(exit.o)
                              C:/NXP/S32DS_ARM_v2018.R1/S32DS/arm_ewl2/lib/armv7e-m/__arm_start.o (exit)
C:/NXP/S32DS_ARM_v2018.R1/S32DS/arm_ewl2/lib/armv7e-m\libc99.a(memset.o)
                              C:/NXP/S32DS_ARM_v2018.R1/S32DS/arm_ewl2/lib/armv7e-m/__arm_start.o (memset)
C:/NXP/S32DS_ARM_v2018.R1/S32DS/arm_ewl2/lib/armv7e-m\libc99.a(__filll_mem.o)
                              C:/NXP/S32DS_ARM_v2018.R1/S32DS/arm_ewl2/lib/armv7e-m\libc99.a(memset.o) (__fill_mem)
C:/NXP/S32DS_ARM_v2018.R1/S32DS/arm_ewl2/lib/armv7e-m\librt.a(gcc_ctor_dtor.o)
                              C:/NXP/S32DS_ARM_v2018.R1/S32DS/arm_ewl2/lib/armv7e-m/__arm_start.o (__init_cpp)
C:/NXP/S32DS_ARM_v2018.R1/S32DS/arm_ewl2/lib/armv7e-m\librt.a(__arm_eabi_init.o)
                              C:/NXP/S32DS_ARM_v2018.R1/S32DS/arm_ewl2/lib/armv7e-m\libc99.a(exit.o) (__destroy_global_chain)
C:/NXP/S32DS_ARM_v2018.R1/S32DS/arm_ewl2/lib/armv7e-m\librt.a(ROMCopy.o)
                              C:/NXP/S32DS_ARM_v2018.R1/S32DS/arm_ewl2/lib/armv7e-m/__arm_start.o (__copy_rom_sections_to_ram)

Allocating common symbols
Common symbol       size              file

g_xtal0ClkFreq      0x4               ./SDK/platform/drivers/src/clock/S32K1xx/clock_S32K1xx.o
g_RtcClkInFreq      0x4               ./SDK/platform/drivers/src/clock/S32K1xx/clock_S32K1xx.o
g_TClkFreq          0xc               ./SDK/platform/drivers/src/clock/S32K1xx/clock_S32K1xx.o

Discarded input sections

 .text          0x00000000        0x0 C:/NXP/S32DS_ARM_v2018.R1/S32DS/arm_ewl2/lib/armv7e-m/__arm_start.o
 .data          0x00000000        0x0 C:/NXP/S32DS_ARM_v2018.R1/S32DS/arm_ewl2/lib/armv7e-m/__arm_start.o
 .bss           0x00000000        0x0 C:/NXP/S32DS_ARM_v2018.R1/S32DS/arm_ewl2/lib/armv7e-m/__arm_start.o
 .text.__thumb_startup
                0x00000000       0x3c C:/NXP/S32DS_ARM_v2018.R1/S32DS/arm_ewl2/lib/armv7e-m/__arm_start.o
 .text.__iar_program_start
                0x00000000        0x4 C:/NXP/S32DS_ARM_v2018.R1/S32DS/arm_ewl2/lib/armv7e-m/__arm_start.o
 .bss.argv      0x00000000        0x4 C:/NXP/S32DS_ARM_v2018.R1/S32DS/arm_ewl2/lib/armv7e-m/__arm_start.o
 .debug_info    0x00000000      0x144 C:/NXP/S32DS_ARM_v2018.R1/S32DS/arm_ewl2/lib/armv7e-m/__arm_start.o
 .debug_abbrev  0x00000000       0xc0 C:/NXP/S32DS_ARM_v2018.R1/S32DS/arm_ewl2/lib/armv7e-m/__arm_start.o
 .debug_aranges
                0x00000000       0x28 C:/NXP/S32DS_ARM_v2018.R1/S32DS/arm_ewl2/lib/armv7e-m/__arm_start.o
 .debug_line    0x00000000       0x68 C:/NXP/S32DS_ARM_v2018.R1/S32DS/arm_ewl2/lib/armv7e-m/__arm_start.o
 .debug_str     0x00000000      0x270 C:/NXP/S32DS_ARM_v2018.R1/S32DS/arm_ewl2/lib/armv7e-m/__arm_start.o
 .comment       0x00000000       0x71 C:/NXP/S32DS_ARM_v2018.R1/S32DS/arm_ewl2/lib/armv7e-m/__arm_start.o
 .debug_frame   0x00000000       0x30 C:/NXP/S32DS_ARM_v2018.R1/S32DS/arm_ewl2/lib/armv7e-m/__arm_start.o
 .ARM.attributes
                0x00000000       0x33 C:/NXP/S32DS_ARM_v2018.R1/S32DS/arm_ewl2/lib/armv7e-m/__arm_start.o
 .group         0x00000000        0x8 ./Sources/main.o
 .group         0x00000000        0x8 ./Sources/main.o
 .group         0x00000000        0x8 ./Sources/main.o
 .group         0x00000000        0x8 ./Sources/main.o
 .group         0x00000000        0x8 ./Sources/main.o
 .group         0x00000000        0x8 ./Sources/main.o
 .group         0x00000000        0x8 ./Sources/main.o
 .group         0x00000000        0x8 ./Sources/main.o
 .group         0x00000000        0x8 ./Sources/main.o
 .group         0x00000000        0x8 ./Sources/main.o
 .group         0x00000000        0x8 ./Sources/main.o
 .group         0x00000000        0x8 ./Sources/main.o
 .group         0x00000000        0x8 ./Sources/main.o
 .group         0x00000000        0x8 ./Sources/main.o
 .group         0x00000000        0x8 ./Sources/main.o
 .group         0x00000000        0x8 ./Sources/main.o
 .group         0x00000000        0x8 ./Sources/main.o
 .group         0x00000000        0x8 ./Sources/main.o
 .group         0x00000000        0x8 ./Sources/main.o
 .group         0x00000000        0x8 ./Sources/main.o
 .group         0x00000000        0x8 ./Sources/main.o
 .group         0x00000000        0x8 ./Sources/main.o
 .group         0x00000000        0x8 ./Sources/main.o
 .group         0x00000000        0x8 ./Sources/main.o
 .group         0x00000000        0x8 ./Sources/main.o
 .text          0x00000000        0x0 ./Sources/main.o
 .data          0x00000000        0x0 ./Sources/main.o
 .bss           0x00000000        0x0 ./Sources/main.o
 .group         0x00000000        0x8 ./SDK/platform/drivers/src/pins/pins_port_hw_access.o
 .group         0x00000000        0x8 ./SDK/platform/drivers/src/pins/pins_port_hw_access.o
 .group         0x00000000        0x8 ./SDK/platform/drivers/src/pins/pins_port_hw_access.o
[...]
Memory Configuration

Name             Origin             Length             Attributes
m_interrupts     0x1fff8000         0x00000400         xr
m_text           0x1fff8400         0x00007c00         xr
m_data           0x20000000         0x00007000         rw
*default*        0x00000000         0xffffffff

Linker script and memory map

LOAD C:/NXP/S32DS_ARM_v2018.R1/S32DS/arm_ewl2/lib/armv7e-m/__arm_start.o
LOAD ./Sources/main.o
LOAD ./SDK/platform/drivers/src/pins/pins_port_hw_access.o
LOAD ./SDK/platform/drivers/src/pins/pins_driver.o
LOAD ./SDK/platform/drivers/src/interrupt/interrupt_manager.o
LOAD ./SDK/platform/drivers/src/clock/clock_manager.o
LOAD ./SDK/platform/drivers/src/clock/S32K1xx/clock_S32K1xx.o
LOAD ./SDK/platform/devices/startup.o
LOAD ./SDK/platform/devices/S32K144/startup/system_S32K144.o
LOAD ./Project_Settings/Startup_Code/startup_S32K144.o
LOAD ./Generated_Code/window.o
LOAD ./Generated_Code/timer.o
LOAD ./Generated_Code/pin_mux.o
LOAD ./Generated_Code/gpio.o
LOAD ./Generated_Code/clockMan1.o
LOAD ./Generated_Code/clock.o
LOAD ./Generated_Code/Cpu.o
START GROUP
LOAD C:/NXP/S32DS_ARM_v2018.R1/S32DS/arm_ewl2/lib/armv7e-m\libc99.a
LOAD C:/NXP/S32DS_ARM_v2018.R1/S32DS/arm_ewl2/lib/armv7e-m\libm.a
LOAD c:/nxp/s32ds_arm_v2018.r1/cross_tools/gcc-arm-none-eabi-4_9/bin/../lib/gcc/arm-none-eabi/4.9.3/armv7e-m\libgcc.a
LOAD C:/NXP/S32DS_ARM_v2018.R1/S32DS/arm_ewl2/lib/armv7e-m\librt.a
LOAD C:/NXP/S32DS_ARM_v2018.R1/S32DS/arm_ewl2/lib/armv7e-m\libnoio.a
END GROUP
LOAD C:/NXP/S32DS_ARM_v2018.R1/S32DS/arm_ewl2/lib/armv7e-m/__arm_end.o
                0x00000400                HEAP_SIZE = DEFINED (__heap_size__)?__heap_size__:0x400
                0x00000400                STACK_SIZE = DEFINED (__stack_size__)?__stack_size__:0x400

.interrupts     0x1fff8000      0x400
                0x1fff8000                __VECTOR_TABLE = .
                0x1fff8000                . = ALIGN (0x4)
 *(.isr_vector)
 .isr_vector    0x1fff8000      0x400 ./Project_Settings/Startup_Code/startup_S32K144.o
                0x1fff8000                __isr_vector
                0x1fff8400                . = ALIGN (0x4)
                0x1fff8000                __VECTOR_RAM = __VECTOR_TABLE
                0x00000000                __RAM_VECTOR_TABLE_SIZE = 0x0

.text           0x1fff8400     0x1120
                0x1fff8400                . = ALIGN (0x4)
 *(.text)
 .text          0x1fff8400       0x44 ./Project_Settings/Startup_Code/startup_S32K144.o
                0x1fff8400                Reset_Handler
                0x1fff8440                DebugMon_Handler
                0x1fff8440                Reserved88_IRQHandler
                0x1fff8440                CAN0_ORed_IRQHandler
                0x1fff8440                HardFault_Handler
                0x1fff8440                Reserved86_IRQHandler
                0x1fff8440                Reserved103_IRQHandler
                0x1fff8440                SysTick_Handler
                0x1fff8440                FTM2_Ovf_Reload_IRQHandler
                0x1fff8440                Reserved50_IRQHandler
                0x1fff8440                FTFC_Fault_IRQHandler
                0x1fff8440                FTM0_Ch6_Ch7_IRQHandler
                0x1fff8440                Reserved114_IRQHandler
                0x1fff8440                PendSV_Handler
                0x1fff8440                NMI_Handler
                0x1fff8440                Reserved89_IRQHandler
                0x1fff8440                ERM_double_fault_IRQHandler
                0x1fff8440                DMA2_IRQHandler
                0x1fff8440                Reserved59_IRQHandler
                0x1fff8440                LPIT0_Ch0_IRQHandler
                0x1fff8440                Reserved99_IRQHandler
                0x1fff8440                FTM3_Ch6_Ch7_IRQHandler
                0x1fff8440                CAN2_ORed_0_15_MB_IRQHandler
                0x1fff8440                LPIT0_Ch3_IRQHandler
                0x1fff8440                Reserved92_IRQHandler
                0x1fff8440                FTM0_Ch4_Ch5_IRQHandler
                0x1fff8440                CAN1_Error_IRQHandler
                0x1fff8440                FTM3_Ch0_Ch1_IRQHandler
                0x1fff8440                SWI_IRQHandler
                0x1fff8440                ADC0_IRQHandler
                0x1fff8440                FTM2_Ch4_Ch5_IRQHandler
                0x1fff8440                UsageFault_Handler
                0x1fff8440                FTM0_Ovf_Reload_IRQHandler
                0x1fff8440                DefaultISR
                0x1fff8440                DMA9_IRQHandler
                0x1fff8440                Reserved58_IRQHandler
                0x1fff8440                CAN1_ORed_0_15_MB_IRQHandler
                0x1fff8440                FTM1_Ch2_Ch3_IRQHandler
                0x1fff8440                DMA14_IRQHandler
                0x1fff8440                Reserved82_IRQHandler
                0x1fff8440                CAN0_ORed_16_31_MB_IRQHandler
                0x1fff8440                LPI2C0_Slave_IRQHandler
                0x1fff8440                Reserved71_IRQHandler
                0x1fff8440                PORTD_IRQHandler
                0x1fff8440                Reserved69_IRQHandler
                0x1fff8440                PORTB_IRQHandler
                0x1fff8440                Reserved70_IRQHandler
                0x1fff8440                ADC1_IRQHandler
                0x1fff8440                FTM2_Ch2_Ch3_IRQHandler
                0x1fff8440                Reserved53_IRQHandler
                0x1fff8440                DMA5_IRQHandler
                0x1fff8440                RTC_IRQHandler
                0x1fff8440                PDB0_IRQHandler
                0x1fff8440                Reserved54_IRQHandler
                0x1fff8440                FTM2_Ch6_Ch7_IRQHandler
                0x1fff8440                FTM3_Ch2_Ch3_IRQHandler
                0x1fff8440                FTM2_Ch0_Ch1_IRQHandler
                0x1fff8440                LPSPI1_IRQHandler
                0x1fff8440                LPUART1_RxTx_IRQHandler
                0x1fff8440                RTC_Seconds_IRQHandler
                0x1fff8440                CAN2_ORed_IRQHandler
                0x1fff8440                Reserved72_IRQHandler
                0x1fff8440                Reserved110_IRQHandler
                0x1fff8440                DMA11_IRQHandler
                0x1fff8440                Reserved107_IRQHandler
                0x1fff8440                Read_Collision_IRQHandler
                0x1fff8440                CAN2_Error_IRQHandler
                0x1fff8440                FTFC_IRQHandler
                0x1fff8440                DMA7_IRQHandler
                0x1fff8440                FTM1_Ch6_Ch7_IRQHandler
                0x1fff8440                Reserved105_IRQHandler
                0x1fff8440                LPIT0_Ch1_IRQHandler
                0x1fff8440                FTM1_Ch4_Ch5_IRQHandler
                0x1fff8440                FTM3_Ovf_Reload_IRQHandler
                0x1fff8440                LPUART2_RxTx_IRQHandler
                0x1fff8440                LPSPI0_IRQHandler
                0x1fff8440                WDOG_EWM_IRQHandler
                0x1fff8440                MemManage_Handler
                0x1fff8440                Reserved90_IRQHandler
                0x1fff8440                Reserved83_IRQHandler
                0x1fff8440                FTM0_Fault_IRQHandler
                0x1fff8440                Reserved48_IRQHandler
                0x1fff8440                SVC_Handler
                0x1fff8440                ERM_single_fault_IRQHandler
                0x1fff8440                FTM2_Fault_IRQHandler
                0x1fff8440                FTM0_Ch2_Ch3_IRQHandler
                0x1fff8440                DMA13_IRQHandler
                0x1fff8440                FTM0_Ch0_Ch1_IRQHandler
                0x1fff8440                FTM3_Fault_IRQHandler
                0x1fff8440                RCM_IRQHandler
                0x1fff8440                DMA3_IRQHandler
                0x1fff8440                Reserved100_IRQHandler
                0x1fff8440                DMA0_IRQHandler
                0x1fff8440                Reserved91_IRQHandler
                0x1fff8440                CAN1_ORed_IRQHandler
                0x1fff8440                DMA15_IRQHandler
                0x1fff8440                SCG_IRQHandler
                0x1fff8440                PDB1_IRQHandler
                0x1fff8440                Reserved81_IRQHandler
                0x1fff8440                Reserved46_IRQHandler
                0x1fff8440                Reserved45_IRQHandler
                0x1fff8440                CAN0_Error_IRQHandler
                0x1fff8440                Reserved112_IRQHandler
                0x1fff8440                LPI2C0_Master_IRQHandler
                0x1fff8440                DMA4_IRQHandler
                0x1fff8440                FTM1_Fault_IRQHandler
                0x1fff8440                Reserved106_IRQHandler
                0x1fff8440                DMA_Error_IRQHandler
                0x1fff8440                LVD_LVW_IRQHandler
                0x1fff8440                LPIT0_Ch2_IRQHandler
                0x1fff8440                PORTA_IRQHandler
                0x1fff8440                MCM_IRQHandler
                0x1fff8440                LPSPI2_IRQHandler
                0x1fff8440                DMA12_IRQHandler
                0x1fff8440                FTM3_Ch4_Ch5_IRQHandler
                0x1fff8440                CAN0_ORed_0_15_MB_IRQHandler
                0x1fff8440                PORTE_IRQHandler
                0x1fff8440                LPUART0_RxTx_IRQHandler
                0x1fff8440                LPTMR0_IRQHandler
                0x1fff8440                BusFault_Handler
                0x1fff8440                Reserved87_IRQHandler
                0x1fff8440                FTM1_Ovf_Reload_IRQHandler
                0x1fff8440                DMA8_IRQHandler
                0x1fff8440                Reserved93_IRQHandler
                0x1fff8440                DMA10_IRQHandler
                0x1fff8440                CAN0_Wake_Up_IRQHandler
                0x1fff8440                CMP0_IRQHandler
                0x1fff8440                Reserved52_IRQHandler
                0x1fff8440                DMA6_IRQHandler
                0x1fff8440                FTM1_Ch0_Ch1_IRQHandler
                0x1fff8440                FLEXIO_IRQHandler
                0x1fff8440                DMA1_IRQHandler
                0x1fff8440                Reserved113_IRQHandler
 *(.text*)
 .text.PORTC_IRQHandler
                0x1fff8444       0x10 ./Sources/main.o
                0x1fff8444                PORTC_IRQHandler
 .text.main     0x1fff8454       0x88 ./Sources/main.o
                0x1fff8454                main
 .text.init_data_bss
                0x1fff84dc      0x110 ./SDK/platform/devices/startup.o
                0x1fff84dc                init_data_bss
 .text.SystemInit
                0x1fff85ec       0x30 ./SDK/platform/devices/S32K144/startup/system_S32K144.o
                0x1fff85ec                SystemInit
 .text.WINDOW_Interrupt_State_Manager
                0x1fff861c       0x70 ./Generated_Code/window.o
                0x1fff861c                WINDOW_Interrupt_State_Manager
 .text.WINDOW_State_Initialize
                0x1fff868c      0x10c ./Generated_Code/window.o
                0x1fff868c                WINDOW_State_Initialize
 .text.WINDOW_State_Move_Up
                0x1fff8798      0x100 ./Generated_Code/window.o
                0x1fff8798                WINDOW_State_Move_Up
 .text.WINDOW_State_Move_Down
                0x1fff8898      0x108 ./Generated_Code/window.o
                0x1fff8898                WINDOW_State_Move_Down
 .text.WINDOW_State_Anti_Pinch
                0x1fff89a0       0x60 ./Generated_Code/window.o
                0x1fff89a0                WINDOW_State_Anti_Pinch
 .text.WINDOW_Move_Up
                0x1fff8a00       0x44 ./Generated_Code/window.o
                0x1fff8a00                WINDOW_Move_Up
 .text.WINDOW_Move_Down
                0x1fff8a44       0x44 ./Generated_Code/window.o
                0x1fff8a44                WINDOW_Move_Down
 .text.WINDOW_Get_Port_Char
                0x1fff8a88       0x98 ./Generated_Code/window.o
                0x1fff8a88                WINDOW_Get_Port_Char
 .text.WINDOW_Get_Port_Pin
                0x1fff8b20       0x98 ./Generated_Code/window.o
                0x1fff8b20                WINDOW_Get_Port_Pin
 .text.TIMER_Delay_Milliseconds
                0x1fff8bb8       0x74 ./Generated_Code/timer.o
                0x1fff8bb8                TIMER_Delay_Milliseconds
 .text.TIMER_Button_Pressed_With_Duration_Criteria
                0x1fff8c2c       0xb4 ./Generated_Code/timer.o
                0x1fff8c2c                TIMER_Button_Pressed_With_Duration_Criteria
 .text.GPIO_Clock_Set_Up
                0x1fff8ce0       0x78 ./Generated_Code/gpio.o
                0x1fff8ce0                GPIO_Clock_Set_Up
 .text.GPIO_Init_As_Input
                0x1fff8d58      0x110 ./Generated_Code/gpio.o
                0x1fff8d58                GPIO_Init_As_Input
 .text.GPIO_Read_Input
                0x1fff8e68       0xd4 ./Generated_Code/gpio.o
                0x1fff8e68                GPIO_Read_Input
 .text.GPIO_Read_Input_Interrupt
                0x1fff8f3c       0xe0 ./Generated_Code/gpio.o
                0x1fff8f3c                GPIO_Read_Input_Interrupt
 .text.GPIO_Init_As_Output
                0x1fff901c      0x104 ./Generated_Code/gpio.o
                0x1fff901c                GPIO_Init_As_Output
 .text.GPIO_Set_Off_Output
                0x1fff9120       0xb8 ./Generated_Code/gpio.o
                0x1fff9120                GPIO_Set_Off_Output
 .text.GPIO_Set_On_Output
                0x1fff91d8       0xb8 ./Generated_Code/gpio.o
                0x1fff91d8                GPIO_Set_On_Output
 .text.GPIO_Clear_Interrupt
                0x1fff9290      0x118 ./Generated_Code/gpio.o
                0x1fff9290                GPIO_Clear_Interrupt
 .text.GPIO_Enable_Port_Interrupt
                0x1fff93a8       0x70 ./Generated_Code/gpio.o
                0x1fff93a8                GPIO_Enable_Port_Interrupt
 .text.CLOCK_SOSC_Init_8MHz
                0x1fff9418       0x4c ./Generated_Code/clock.o
                0x1fff9418                CLOCK_SOSC_Init_8MHz
 .text.CLOCK_SPLL_Init_160MHz
                0x1fff9464       0x64 ./Generated_Code/clock.o
                0x1fff9464                CLOCK_SPLL_Init_160MHz
 .text.CLOCK_Setup_80MHz
                0x1fff94c8       0x2c ./Generated_Code/clock.o
                0x1fff94c8                CLOCK_Setup_80MHz
 .text.CLOCK_Disable_Watchdog
                0x1fff94f4       0x2c ./Generated_Code/clock.o
                0x1fff94f4                CLOCK_Disable_Watchdog
 *(.rodata)
 *(.rodata*)
 *(.glue_7)
 .glue_7        0x00000000        0x0 linker stubs
 *(.glue_7t)
 .glue_7t       0x00000000        0x0 linker stubs
 *(.eh_frame)
 *(.init)
 *(.fini)
                0x1fff9520                . = ALIGN (0x4)

.vfp11_veneer   0x1fff9520        0x0
 .vfp11_veneer  0x00000000        0x0 linker stubs

.v4_bx          0x1fff9520        0x0
 .v4_bx         0x00000000        0x0 linker stubs

.iplt           0x1fff9520        0x0
 .iplt          0x00000000        0x0 C:/NXP/S32DS_ARM_v2018.R1/S32DS/arm_ewl2/lib/armv7e-m/__arm_start.o

.rel.dyn        0x1fff9520        0x0
 .rel.iplt      0x00000000        0x0 C:/NXP/S32DS_ARM_v2018.R1/S32DS/arm_ewl2/lib/armv7e-m/__arm_start.o

.code_ram       0x1fff9520        0x0
                0x1fff9520                . = ALIGN (0x4)
                0x1fff9520                __CODE_RAM = .
 *(.code_ram)
                0x1fff9520                __CODE_ROM = .
                0x1fff9520                __CODE_END = .
                0x1fff9520                . = ALIGN (0x4)

.ARM.extab
 *(.ARM.extab* .gnu.linkonce.armextab.*)

.ARM            0x1fff9520        0x0
                0x1fff9520                __exidx_start = .
 *(.ARM.exidx*)
                0x1fff9520                __exidx_end = .

.ctors          0x1fff9520        0x0
                0x1fff9520                __CTOR_LIST__ = .
 *crtbegin.o(.ctors)
 *crtbegin?.o(.ctors)
 *(EXCLUDE_FILE(*crtend.o *crtend?.o) .ctors)
 *(SORT(.ctors.*))
 *(.ctors)
                0x1fff9520                __CTOR_END__ = .

.dtors          0x1fff9520        0x0
                0x1fff9520                __DTOR_LIST__ = .
 *crtbegin.o(.dtors)
 *crtbegin?.o(.dtors)
 *(EXCLUDE_FILE(*crtend.o *crtend?.o) .dtors)
 *(SORT(.dtors.*))
 *(.dtors)
                0x1fff9520                __DTOR_END__ = .

.preinit_array  0x1fff9520        0x0
                0x1fff9520                PROVIDE (__preinit_array_start, .)
 *(.preinit_array*)
                0x1fff9520                PROVIDE (__preinit_array_end, .)

.init_array     0x1fff9520        0x0
                0x1fff9520                PROVIDE (__init_array_start, .)
 *(SORT(.init_array.*))
 *(.init_array*)
                0x1fff9520                PROVIDE (__init_array_end, .)

.fini_array     0x1fff9520        0x0
                0x1fff9520                PROVIDE (__fini_array_start, .)
 *(SORT(.fini_array.*))
 *(.fini_array*)
                0x1fff9520                PROVIDE (__fini_array_end, .)
                0x1fff9520                __etext = .
                0x1fff9520                __DATA_ROM = .
                0x1fff9520                __DATA_END = __DATA_ROM

.customSectionBlock
 *(.customSection)

.data           0x20000000        0x0
                0x20000000                . = ALIGN (0x4)
                0x20000000                __DATA_RAM = .
                0x20000000                __data_start__ = .
 *(.data)
 *(.data*)
 *(.jcr*)
                0x20000000                . = ALIGN (0x4)
                0x20000000                __data_end__ = .

.igot.plt       0x20000000        0x0
 .igot.plt      0x00000000        0x0 C:/NXP/S32DS_ARM_v2018.R1/S32DS/arm_ewl2/lib/armv7e-m/__arm_start.o

.bss            0x20000000        0x4
                0x20000000                . = ALIGN (0x4)
                0x20000000                __BSS_START = .
                0x20000000                __bss_start__ = .
 *(.bss)
 *(.bss*)
 .bss.windowPosition
                0x20000000        0x1 ./Sources/main.o
                0x20000000                windowPosition
 .bss.windowMovement
                0x20000001        0x1 ./Sources/main.o
                0x20000001                windowMovement
 .bss.antiPinchFlag
                0x20000002        0x1 ./Sources/main.o
                0x20000002                antiPinchFlag
 *(COMMON)
                0x20000004                . = ALIGN (0x4)
 *fill*         0x20000003        0x1 
                0x20000004                __bss_end__ = .
                0x20000004                __BSS_END = .

.heap           0x20000004      0x404
                0x20000008                . = ALIGN (0x8)
 *fill*         0x20000004        0x4 
                0x20000008                __end__ = .
                0x20000008                PROVIDE (end, .)
                0x20000008                PROVIDE (_end, .)
                0x20000008                PROVIDE (__end, .)
                0x20000008                __HeapBase = .
                0x20000408                . = (. + HEAP_SIZE)
 *fill*         0x20000008      0x400 
                0x20000408                __HeapLimit = .
                0x20000408                __heap_limit = .

.stack          0x20000408      0x400
                0x20000408                . = ALIGN (0x8)
                0x20000808                . = (. + STACK_SIZE)
 *fill*         0x20000408      0x400 
                0x20007000                __StackTop = (ORIGIN (m_data) + 0x7000)
                0x20006c00                __StackLimit = (__StackTop - STACK_SIZE)
                0x20007000                PROVIDE (__stack, __StackTop)

.ARM.attributes
                0x00000000       0x31
 *(.ARM.attributes)
 .ARM.attributes
                0x00000000       0x33 ./Sources/main.o
 .ARM.attributes
                0x00000033       0x33 ./SDK/platform/devices/startup.o
 .ARM.attributes
                0x00000066       0x33 ./SDK/platform/devices/S32K144/startup/system_S32K144.o
 .ARM.attributes
                0x00000099       0x1b ./Project_Settings/Startup_Code/startup_S32K144.o
 .ARM.attributes
                0x000000b4       0x33 ./Generated_Code/window.o
 .ARM.attributes
                0x000000e7       0x33 ./Generated_Code/timer.o
 .ARM.attributes
                0x0000011a       0x33 ./Generated_Code/gpio.o
 .ARM.attributes
                0x0000014d       0x33 ./Generated_Code/clock.o
                0x00000001                ASSERT ((__StackLimit >= __HeapLimit), region m_data overflowed with stack and heap)

/DISCARD/
 *(.FlashConfig)
OUTPUT(WindowLifter.elf elf32-littlearm)

.debug_info     0x00000000     0x1c09
 .debug_info    0x00000000      0x2bf ./Sources/main.o
 .debug_info    0x000002bf      0x41d ./SDK/platform/devices/startup.o
 .debug_info    0x000006dc      0x500 ./SDK/platform/devices/S32K144/startup/system_S32K144.o
 .debug_info    0x00000bdc       0xa9 ./Project_Settings/Startup_Code/startup_S32K144.o
 .debug_info    0x00000c85      0x284 ./Generated_Code/window.o
 .debug_info    0x00000f09      0x232 ./Generated_Code/timer.o
 .debug_info    0x0000113b      0x80b ./Generated_Code/gpio.o
 .debug_info    0x00001946      0x2c3 ./Generated_Code/clock.o

.debug_abbrev   0x00000000      0x6be
 .debug_abbrev  0x00000000       0x93 ./Sources/main.o
 .debug_abbrev  0x00000093      0x101 ./SDK/platform/devices/startup.o
 .debug_abbrev  0x00000194      0x118 ./SDK/platform/devices/S32K144/startup/system_S32K144.o
 .debug_abbrev  0x000002ac       0x14 ./Project_Settings/Startup_Code/startup_S32K144.o
 .debug_abbrev  0x000002c0       0xe7 ./Generated_Code/window.o
 .debug_abbrev  0x000003a7       0xf1 ./Generated_Code/timer.o
 .debug_abbrev  0x00000498      0x157 ./Generated_Code/gpio.o
 .debug_abbrev  0x000005ef       0xcf ./Generated_Code/clock.o

.debug_aranges  0x00000000      0x1c0
 .debug_aranges
                0x00000000       0x28 ./Sources/main.o
 .debug_aranges
                0x00000028       0x20 ./SDK/platform/devices/startup.o
 .debug_aranges
                0x00000048       0x30 ./SDK/platform/devices/S32K144/startup/system_S32K144.o
 .debug_aranges
                0x00000078       0x20 ./Project_Settings/Startup_Code/startup_S32K144.o
 .debug_aranges
                0x00000098       0x60 ./Generated_Code/window.o
 .debug_aranges
                0x000000f8       0x28 ./Generated_Code/timer.o
 .debug_aranges
                0x00000120       0x68 ./Generated_Code/gpio.o
 .debug_aranges
                0x00000188       0x38 ./Generated_Code/clock.o

.debug_ranges   0x00000000      0x130
 .debug_ranges  0x00000000       0x18 ./Sources/main.o
 .debug_ranges  0x00000018       0x10 ./SDK/platform/devices/startup.o
 .debug_ranges  0x00000028       0x20 ./SDK/platform/devices/S32K144/startup/system_S32K144.o
 .debug_ranges  0x00000048       0x50 ./Generated_Code/window.o
 .debug_ranges  0x00000098       0x18 ./Generated_Code/timer.o
 .debug_ranges  0x000000b0       0x58 ./Generated_Code/gpio.o
 .debug_ranges  0x00000108       0x28 ./Generated_Code/clock.o

.debug_macro    0x00000000    0x1fcbb
 .debug_macro   0x00000000      0x1b5 ./Sources/main.o
 .debug_macro   0x000001b5      0x868 ./Sources/main.o
 .debug_macro   0x00000a1d       0x52 ./Sources/main.o
 .debug_macro   0x00000a6f       0xa0 ./Sources/main.o
 .debug_macro   0x00000b0f       0x16 ./Sources/main.o
 .debug_macro   0x00000b25       0x10 ./Sources/main.o
 .debug_macro   0x00000b35       0x6d ./Sources/main.o
 .debug_macro   0x00000ba2       0x19 ./Sources/main.o
 .debug_macro   0x00000bbb       0x64 ./Sources/main.o
 .debug_macro   0x00000c1f      0x185 ./Sources/main.o
 .debug_macro   0x00000da4      0x140 ./Sources/main.o
 .debug_macro   0x00000ee4       0x9d ./Sources/main.o
 .debug_macro   0x00000f81       0x10 ./Sources/main.o
 .debug_macro   0x00000f91      0x15b ./Sources/main.o
 .debug_macro   0x000010ec       0x28 ./Sources/main.o
 .debug_macro   0x00001114       0x58 ./Sources/main.o
 .debug_macro   0x0000116c     0xecad ./Sources/main.o
 .debug_macro   0x0000fe19      0xa20 ./Sources/main.o
 .debug_macro   0x00010839       0x22 ./Sources/main.o
 .debug_macro   0x0001085b       0x71 ./Sources/main.o
 .debug_macro   0x000108cc       0x28 ./Sources/main.o
 .debug_macro   0x000108f4       0x16 ./Sources/main.o
 .debug_macro   0x0001090a       0x16 ./Sources/main.o
 .debug_macro   0x00010920       0x16 ./Sources/main.o
 .debug_macro   0x00010936       0x16 ./Sources/main.o
 .debug_macro   0x0001094c      0x106 ./Sources/main.o
 .debug_macro   0x00010a52       0xeb ./SDK/platform/devices/startup.o
 .debug_macro   0x00010b3d       0xea ./SDK/platform/devices/S32K144/startup/system_S32K144.o
 .debug_macro   0x00010c27      0x1b5 ./Generated_Code/window.o
 .debug_macro   0x00010ddc       0xbd ./Generated_Code/timer.o
 .debug_macro   0x00010e99     0xecc2 ./Generated_Code/timer.o
 .debug_macro   0x0001fb5b       0xb0 ./Generated_Code/gpio.o
 .debug_macro   0x0001fc0b       0xb0 ./Generated_Code/clock.o

.debug_line     0x00000000     0x1ad7
 .debug_line    0x00000000      0x557 ./Sources/main.o
 .debug_line    0x00000557      0x270 ./SDK/platform/devices/startup.o
 .debug_line    0x000007c7      0x364 ./SDK/platform/devices/S32K144/startup/system_S32K144.o
 .debug_line    0x00000b2b       0x83 ./Project_Settings/Startup_Code/startup_S32K144.o
 .debug_line    0x00000bae      0x66f ./Generated_Code/window.o
 .debug_line    0x0000121d      0x29a ./Generated_Code/timer.o
 .debug_line    0x000014b7      0x376 ./Generated_Code/gpio.o
 .debug_line    0x0000182d      0x2aa ./Generated_Code/clock.o

.debug_str      0x00000000    0x69e46
 .debug_str     0x00000000    0x69120 ./Sources/main.o
                              0x693f5 (size before relaxing)
 .debug_str     0x00069120      0x1d4 ./SDK/platform/devices/startup.o
                              0x68aef (size before relaxing)
 .debug_str     0x000692f4      0x172 ./SDK/platform/devices/S32K144/startup/system_S32K144.o
                              0x68bc9 (size before relaxing)
 .debug_str     0x00069466      0x14e ./Generated_Code/window.o
                              0x69130 (size before relaxing)
 .debug_str     0x000695b4       0xc2 ./Generated_Code/timer.o
                              0x637db (size before relaxing)
 .debug_str     0x00069676      0x761 ./Generated_Code/gpio.o
                              0x63c3b (size before relaxing)
 .debug_str     0x00069dd7       0x6f ./Generated_Code/clock.o
                              0x635b5 (size before relaxing)

.comment        0x00000000       0x70
 .comment       0x00000000       0x70 ./Sources/main.o
                                 0x71 (size before relaxing)
 .comment       0x00000000       0x71 ./SDK/platform/devices/startup.o
 .comment       0x00000000       0x71 ./SDK/platform/devices/S32K144/startup/system_S32K144.o
 .comment       0x00000000       0x71 ./Generated_Code/window.o
 .comment       0x00000000       0x71 ./Generated_Code/timer.o
 .comment       0x00000000       0x71 ./Generated_Code/gpio.o
 .comment       0x00000000       0x71 ./Generated_Code/clock.o

.debug_frame    0x00000000      0x4e0
 .debug_frame   0x00000000       0x48 ./Sources/main.o
 .debug_frame   0x00000048       0x38 ./SDK/platform/devices/startup.o
 .debug_frame   0x00000080       0x80 ./SDK/platform/devices/S32K144/startup/system_S32K144.o
 .debug_frame   0x00000100      0x154 ./Generated_Code/window.o
 .debug_frame   0x00000254       0x5c ./Generated_Code/timer.o
 .debug_frame   0x000002b0      0x1a0 ./Generated_Code/gpio.o
 .debug_frame   0x00000450       0x90 ./Generated_Code/clock.o
